Archive member included to satisfy reference by file (symbol)

c:/progra~2/gnuarm~1/102021~1.10/bin/../lib/gcc/arm-none-eabi/10.3.1/thumb/v7e-m/nofp\libgcc.a(_aeabi_uldivmod.o)
                              CMakeFiles/motor.elf.dir/Drivers/STM32F4xx_HAL_Driver/Src/stm32f4xx_hal_rcc.c.obj (__aeabi_uldivmod)
c:/progra~2/gnuarm~1/102021~1.10/bin/../lib/gcc/arm-none-eabi/10.3.1/thumb/v7e-m/nofp\libgcc.a(_udivmoddi4.o)
                              c:/progra~2/gnuarm~1/102021~1.10/bin/../lib/gcc/arm-none-eabi/10.3.1/thumb/v7e-m/nofp\libgcc.a(_aeabi_uldivmod.o) (__udivmoddi4)
c:/progra~2/gnuarm~1/102021~1.10/bin/../lib/gcc/arm-none-eabi/10.3.1/thumb/v7e-m/nofp\libgcc.a(_dvmd_tls.o)
                              c:/progra~2/gnuarm~1/102021~1.10/bin/../lib/gcc/arm-none-eabi/10.3.1/thumb/v7e-m/nofp\libgcc.a(_aeabi_uldivmod.o) (__aeabi_ldiv0)
c:/progra~2/gnuarm~1/102021~1.10/bin/../lib/gcc/arm-none-eabi/10.3.1/../../../../arm-none-eabi/lib/thumb/v7e-m/nofp\libg.a(lib_a-errno.o)
                              CMakeFiles/motor.elf.dir/Core/Src/syscalls.c.obj (__errno)
c:/progra~2/gnuarm~1/102021~1.10/bin/../lib/gcc/arm-none-eabi/10.3.1/../../../../arm-none-eabi/lib/thumb/v7e-m/nofp\libg.a(lib_a-exit.o)
                              c:/progra~2/gnuarm~1/102021~1.10/bin/../lib/gcc/arm-none-eabi/10.3.1/../../../../arm-none-eabi/lib/thumb/v7e-m/nofp/crt0.o (exit)
c:/progra~2/gnuarm~1/102021~1.10/bin/../lib/gcc/arm-none-eabi/10.3.1/../../../../arm-none-eabi/lib/thumb/v7e-m/nofp\libg.a(lib_a-impure.o)
                              c:/progra~2/gnuarm~1/102021~1.10/bin/../lib/gcc/arm-none-eabi/10.3.1/../../../../arm-none-eabi/lib/thumb/v7e-m/nofp\libg.a(lib_a-exit.o) (_global_impure_ptr)
c:/progra~2/gnuarm~1/102021~1.10/bin/../lib/gcc/arm-none-eabi/10.3.1/../../../../arm-none-eabi/lib/thumb/v7e-m/nofp\libg.a(lib_a-init.o)
                              c:/progra~2/gnuarm~1/102021~1.10/bin/../lib/gcc/arm-none-eabi/10.3.1/../../../../arm-none-eabi/lib/thumb/v7e-m/nofp/crt0.o (__libc_init_array)
c:/progra~2/gnuarm~1/102021~1.10/bin/../lib/gcc/arm-none-eabi/10.3.1/../../../../arm-none-eabi/lib/thumb/v7e-m/nofp\libg.a(lib_a-memset.o)
                              c:/progra~2/gnuarm~1/102021~1.10/bin/../lib/gcc/arm-none-eabi/10.3.1/../../../../arm-none-eabi/lib/thumb/v7e-m/nofp/crt0.o (memset)
c:/progra~2/gnuarm~1/102021~1.10/bin/../lib/gcc/arm-none-eabi/10.3.1/../../../../arm-none-eabi/lib/thumb/v7e-m/nofp\libg.a(lib_a-__call_atexit.o)
                              c:/progra~2/gnuarm~1/102021~1.10/bin/../lib/gcc/arm-none-eabi/10.3.1/../../../../arm-none-eabi/lib/thumb/v7e-m/nofp\libg.a(lib_a-exit.o) (__call_exitprocs)
c:/progra~2/gnuarm~1/102021~1.10/bin/../lib/gcc/arm-none-eabi/10.3.1/../../../../arm-none-eabi/lib/thumb/v7e-m/nofp\libg.a(lib_a-atexit.o)
                              c:/progra~2/gnuarm~1/102021~1.10/bin/../lib/gcc/arm-none-eabi/10.3.1/../../../../arm-none-eabi/lib/thumb/v7e-m/nofp\libg.a(lib_a-__call_atexit.o) (atexit)
c:/progra~2/gnuarm~1/102021~1.10/bin/../lib/gcc/arm-none-eabi/10.3.1/../../../../arm-none-eabi/lib/thumb/v7e-m/nofp\libg.a(lib_a-fini.o)
                              c:/progra~2/gnuarm~1/102021~1.10/bin/../lib/gcc/arm-none-eabi/10.3.1/../../../../arm-none-eabi/lib/thumb/v7e-m/nofp\libg.a(lib_a-__call_atexit.o) (__libc_fini_array)
c:/progra~2/gnuarm~1/102021~1.10/bin/../lib/gcc/arm-none-eabi/10.3.1/../../../../arm-none-eabi/lib/thumb/v7e-m/nofp\libg.a(lib_a-lock.o)
                              c:/progra~2/gnuarm~1/102021~1.10/bin/../lib/gcc/arm-none-eabi/10.3.1/../../../../arm-none-eabi/lib/thumb/v7e-m/nofp\libg.a(lib_a-__call_atexit.o) (__retarget_lock_acquire_recursive)
c:/progra~2/gnuarm~1/102021~1.10/bin/../lib/gcc/arm-none-eabi/10.3.1/../../../../arm-none-eabi/lib/thumb/v7e-m/nofp\libg.a(lib_a-__atexit.o)
                              c:/progra~2/gnuarm~1/102021~1.10/bin/../lib/gcc/arm-none-eabi/10.3.1/../../../../arm-none-eabi/lib/thumb/v7e-m/nofp\libg.a(lib_a-atexit.o) (__register_exitproc)

Discarded input sections

 .text          0x00000000        0x0 c:/progra~2/gnuarm~1/102021~1.10/bin/../lib/gcc/arm-none-eabi/10.3.1/thumb/v7e-m/nofp/crti.o
 .data          0x00000000        0x0 c:/progra~2/gnuarm~1/102021~1.10/bin/../lib/gcc/arm-none-eabi/10.3.1/thumb/v7e-m/nofp/crti.o
 .bss           0x00000000        0x0 c:/progra~2/gnuarm~1/102021~1.10/bin/../lib/gcc/arm-none-eabi/10.3.1/thumb/v7e-m/nofp/crti.o
 .data          0x00000000        0x4 c:/progra~2/gnuarm~1/102021~1.10/bin/../lib/gcc/arm-none-eabi/10.3.1/thumb/v7e-m/nofp/crtbegin.o
 .rodata        0x00000000       0x24 c:/progra~2/gnuarm~1/102021~1.10/bin/../lib/gcc/arm-none-eabi/10.3.1/thumb/v7e-m/nofp/crtbegin.o
 .text          0x00000000       0x7c c:/progra~2/gnuarm~1/102021~1.10/bin/../lib/gcc/arm-none-eabi/10.3.1/../../../../arm-none-eabi/lib/thumb/v7e-m/nofp/crt0.o
 .data          0x00000000        0x0 c:/progra~2/gnuarm~1/102021~1.10/bin/../lib/gcc/arm-none-eabi/10.3.1/../../../../arm-none-eabi/lib/thumb/v7e-m/nofp/crt0.o
[...]
Memory Configuration

Name             Origin             Length             Attributes
CCMRAM           0x10000000         0x00010000         xrw
RAM              0x20000000         0x00020000         xrw
FLASH            0x08000000         0x00100000         xr
*default*        0x00000000         0xffffffff

Linker script and memory map

LOAD c:/progra~2/gnuarm~1/102021~1.10/bin/../lib/gcc/arm-none-eabi/10.3.1/thumb/v7e-m/nofp/crti.o
LOAD c:/progra~2/gnuarm~1/102021~1.10/bin/../lib/gcc/arm-none-eabi/10.3.1/thumb/v7e-m/nofp/crtbegin.o
LOAD c:/progra~2/gnuarm~1/102021~1.10/bin/../lib/gcc/arm-none-eabi/10.3.1/../../../../arm-none-eabi/lib/thumb/v7e-m/nofp/crt0.o
LOAD CMakeFiles/motor.elf.dir/Core/Src/gpio.c.obj
LOAD CMakeFiles/motor.elf.dir/Core/Src/main.c.obj
LOAD CMakeFiles/motor.elf.dir/Core/Src/stm32f4xx_hal_msp.c.obj
LOAD CMakeFiles/motor.elf.dir/Core/Src/stm32f4xx_it.c.obj
LOAD CMakeFiles/motor.elf.dir/Core/Src/syscalls.c.obj
LOAD CMakeFiles/motor.elf.dir/Core/Src/sysmem.c.obj
LOAD CMakeFiles/motor.elf.dir/Core/Src/system_stm32f4xx.c.obj
LOAD CMakeFiles/motor.elf.dir/Core/Src/tim.c.obj
LOAD CMakeFiles/motor.elf.dir/Core/Startup/startup_stm32f405rgtx.s.obj
LOAD CMakeFiles/motor.elf.dir/Drivers/STM32F4xx_HAL_Driver/Src/stm32f4xx_hal.c.obj
LOAD CMakeFiles/motor.elf.dir/Drivers/STM32F4xx_HAL_Driver/Src/stm32f4xx_hal_cortex.c.obj
LOAD CMakeFiles/motor.elf.dir/Drivers/STM32F4xx_HAL_Driver/Src/stm32f4xx_hal_dma.c.obj
LOAD CMakeFiles/motor.elf.dir/Drivers/STM32F4xx_HAL_Driver/Src/stm32f4xx_hal_dma_ex.c.obj
LOAD CMakeFiles/motor.elf.dir/Drivers/STM32F4xx_HAL_Driver/Src/stm32f4xx_hal_exti.c.obj
LOAD CMakeFiles/motor.elf.dir/Drivers/STM32F4xx_HAL_Driver/Src/stm32f4xx_hal_flash.c.obj
LOAD CMakeFiles/motor.elf.dir/Drivers/STM32F4xx_HAL_Driver/Src/stm32f4xx_hal_flash_ex.c.obj
LOAD CMakeFiles/motor.elf.dir/Drivers/STM32F4xx_HAL_Driver/Src/stm32f4xx_hal_flash_ramfunc.c.obj
LOAD CMakeFiles/motor.elf.dir/Drivers/STM32F4xx_HAL_Driver/Src/stm32f4xx_hal_gpio.c.obj
LOAD CMakeFiles/motor.elf.dir/Drivers/STM32F4xx_HAL_Driver/Src/stm32f4xx_hal_pcd.c.obj
LOAD CMakeFiles/motor.elf.dir/Drivers/STM32F4xx_HAL_Driver/Src/stm32f4xx_hal_pcd_ex.c.obj
LOAD CMakeFiles/motor.elf.dir/Drivers/STM32F4xx_HAL_Driver/Src/stm32f4xx_hal_pwr.c.obj
LOAD CMakeFiles/motor.elf.dir/Drivers/STM32F4xx_HAL_Driver/Src/stm32f4xx_hal_pwr_ex.c.obj
LOAD CMakeFiles/motor.elf.dir/Drivers/STM32F4xx_HAL_Driver/Src/stm32f4xx_hal_rcc.c.obj
LOAD CMakeFiles/motor.elf.dir/Drivers/STM32F4xx_HAL_Driver/Src/stm32f4xx_hal_rcc_ex.c.obj
LOAD CMakeFiles/motor.elf.dir/Drivers/STM32F4xx_HAL_Driver/Src/stm32f4xx_hal_tim.c.obj
LOAD CMakeFiles/motor.elf.dir/Drivers/STM32F4xx_HAL_Driver/Src/stm32f4xx_hal_tim_ex.c.obj
LOAD CMakeFiles/motor.elf.dir/Drivers/STM32F4xx_HAL_Driver/Src/stm32f4xx_ll_usb.c.obj
LOAD CMakeFiles/motor.elf.dir/Middlewares/ST/STM32_USB_Device_Library/Class/CDC/Src/usbd_cdc.c.obj
LOAD CMakeFiles/motor.elf.dir/Middlewares/ST/STM32_USB_Device_Library/Core/Src/usbd_core.c.obj
LOAD CMakeFiles/motor.elf.dir/Middlewares/ST/STM32_USB_Device_Library/Core/Src/usbd_ctlreq.c.obj
LOAD CMakeFiles/motor.elf.dir/Middlewares/ST/STM32_USB_Device_Library/Core/Src/usbd_ioreq.c.obj
LOAD CMakeFiles/motor.elf.dir/USB_DEVICE/App/usb_device.c.obj
LOAD CMakeFiles/motor.elf.dir/USB_DEVICE/App/usbd_cdc_if.c.obj
LOAD CMakeFiles/motor.elf.dir/USB_DEVICE/App/usbd_desc.c.obj
LOAD CMakeFiles/motor.elf.dir/USB_DEVICE/Target/usbd_conf.c.obj
START GROUP
LOAD c:/progra~2/gnuarm~1/102021~1.10/bin/../lib/gcc/arm-none-eabi/10.3.1/thumb/v7e-m/nofp\libgcc.a
LOAD c:/progra~2/gnuarm~1/102021~1.10/bin/../lib/gcc/arm-none-eabi/10.3.1/../../../../arm-none-eabi/lib/thumb/v7e-m/nofp\libg.a
LOAD c:/progra~2/gnuarm~1/102021~1.10/bin/../lib/gcc/arm-none-eabi/10.3.1/../../../../arm-none-eabi/lib/thumb/v7e-m/nofp\libc.a
END GROUP
LOAD c:/progra~2/gnuarm~1/102021~1.10/bin/../lib/gcc/arm-none-eabi/10.3.1/thumb/v7e-m/nofp/crtend.o
LOAD c:/progra~2/gnuarm~1/102021~1.10/bin/../lib/gcc/arm-none-eabi/10.3.1/thumb/v7e-m/nofp/crtn.o
                0x20020000                _estack = (ORIGIN (RAM) + LENGTH (RAM))
                0x00000200                _Min_Heap_Size = 0x200
                0x00000400                _Min_Stack_Size = 0x400

.isr_vector     0x08000000      0x188
                0x08000000                . = ALIGN (0x4)
 *(.isr_vector)
 .isr_vector    0x08000000      0x188 CMakeFiles/motor.elf.dir/Core/Startup/startup_stm32f405rgtx.s.obj
                0x08000000                g_pfnVectors
                0x08000188                . = ALIGN (0x4)

.text           0x08000188     0x46a0
                0x08000188                . = ALIGN (0x4)
 *(.text)
 .text          0x08000188       0x40 c:/progra~2/gnuarm~1/102021~1.10/bin/../lib/gcc/arm-none-eabi/10.3.1/thumb/v7e-m/nofp/crtbegin.o
 .text          0x080001c8       0x30 c:/progra~2/gnuarm~1/102021~1.10/bin/../lib/gcc/arm-none-eabi/10.3.1/thumb/v7e-m/nofp\libgcc.a(_aeabi_uldivmod.o)
                0x080001c8                __aeabi_uldivmod
 .text          0x080001f8      0x2d0 c:/progra~2/gnuarm~1/102021~1.10/bin/../lib/gcc/arm-none-eabi/10.3.1/thumb/v7e-m/nofp\libgcc.a(_udivmoddi4.o)
                0x080001f8                __udivmoddi4
 .text          0x080004c8        0x4 c:/progra~2/gnuarm~1/102021~1.10/bin/../lib/gcc/arm-none-eabi/10.3.1/thumb/v7e-m/nofp\libgcc.a(_dvmd_tls.o)
                0x080004c8                __aeabi_idiv0
                0x080004c8                __aeabi_ldiv0
 *(.text*)
 .text.MX_GPIO_Init
                0x080004cc       0x4c CMakeFiles/motor.elf.dir/Core/Src/gpio.c.obj
                0x080004cc                MX_GPIO_Init
 .text.Error_Handler
                0x08000518        0x4 CMakeFiles/motor.elf.dir/Core/Src/main.c.obj
                0x08000518                Error_Handler
 .text.SystemClock_Config
                0x0800051c       0xa8 CMakeFiles/motor.elf.dir/Core/Src/main.c.obj
                0x0800051c                SystemClock_Config
 .text.main     0x080005c4       0x40 CMakeFiles/motor.elf.dir/Core/Src/main.c.obj
                0x080005c4                main
 .text.HAL_MspInit
                0x08000604       0x38 CMakeFiles/motor.elf.dir/Core/Src/stm32f4xx_hal_msp.c.obj
                0x08000604                HAL_MspInit
 .text.NMI_Handler
                0x0800063c        0x2 CMakeFiles/motor.elf.dir/Core/Src/stm32f4xx_it.c.obj
                0x0800063c                NMI_Handler
 .text.HardFault_Handler
                0x0800063e        0x2 CMakeFiles/motor.elf.dir/Core/Src/stm32f4xx_it.c.obj
                0x0800063e                HardFault_Handler
 .text.MemManage_Handler
                0x08000640        0x2 CMakeFiles/motor.elf.dir/Core/Src/stm32f4xx_it.c.obj
                0x08000640                MemManage_Handler
 .text.BusFault_Handler
                0x08000642        0x2 CMakeFiles/motor.elf.dir/Core/Src/stm32f4xx_it.c.obj
                0x08000642                BusFault_Handler
 .text.UsageFault_Handler
                0x08000644        0x2 CMakeFiles/motor.elf.dir/Core/Src/stm32f4xx_it.c.obj
                0x08000644                UsageFault_Handler
 .text.SVC_Handler
                0x08000646        0x2 CMakeFiles/motor.elf.dir/Core/Src/stm32f4xx_it.c.obj
                0x08000646                SVC_Handler
 .text.DebugMon_Handler
                0x08000648        0x2 CMakeFiles/motor.elf.dir/Core/Src/stm32f4xx_it.c.obj
                0x08000648                DebugMon_Handler
 .text.PendSV_Handler
                0x0800064a        0x2 CMakeFiles/motor.elf.dir/Core/Src/stm32f4xx_it.c.obj
                0x0800064a                PendSV_Handler
 .text.SysTick_Handler
                0x0800064c        0x8 CMakeFiles/motor.elf.dir/Core/Src/stm32f4xx_it.c.obj
                0x0800064c                SysTick_Handler
 .text.OTG_FS_IRQHandler
                0x08000654       0x10 CMakeFiles/motor.elf.dir/Core/Src/stm32f4xx_it.c.obj
                0x08000654                OTG_FS_IRQHandler
 .text.SystemInit
                0x08000664        0x2 CMakeFiles/motor.elf.dir/Core/Src/system_stm32f4xx.c.obj
                0x08000664                SystemInit
 *fill*         0x08000666        0x2 
 .text.HAL_TIM_Base_MspInit
                0x08000668       0x30 CMakeFiles/motor.elf.dir/Core/Src/tim.c.obj
                0x08000668                HAL_TIM_Base_MspInit
 .text.HAL_TIM_MspPostInit
                0x08000698       0x58 CMakeFiles/motor.elf.dir/Core/Src/tim.c.obj
                0x08000698                HAL_TIM_MspPostInit
 .text.MX_TIM3_Init
                0x080006f0       0xb0 CMakeFiles/motor.elf.dir/Core/Src/tim.c.obj
                0x080006f0                MX_TIM3_Init
 .text.Reset_Handler
                0x080007a0       0x50 CMakeFiles/motor.elf.dir/Core/Startup/startup_stm32f405rgtx.s.obj
                0x080007a0                Reset_Handler
 .text.Default_Handler
                0x080007f0        0x2 CMakeFiles/motor.elf.dir/Core/Startup/startup_stm32f405rgtx.s.obj
                0x080007f0                RTC_Alarm_IRQHandler
                0x080007f0                HASH_RNG_IRQHandler
                0x080007f0                EXTI2_IRQHandler
                0x080007f0                TIM8_CC_IRQHandler
                0x080007f0                TIM1_CC_IRQHandler
                0x080007f0                DMA2_Stream5_IRQHandler
                0x080007f0                DMA1_Stream5_IRQHandler
                0x080007f0                PVD_IRQHandler
                0x080007f0                SDIO_IRQHandler
                0x080007f0                TAMP_STAMP_IRQHandler
                0x080007f0                CAN2_RX1_IRQHandler
                0x080007f0                EXTI3_IRQHandler
                0x080007f0                TIM8_TRG_COM_TIM14_IRQHandler
                0x080007f0                TIM1_UP_TIM10_IRQHandler
                0x080007f0                TIM8_UP_TIM13_IRQHandler
                0x080007f0                I2C3_ER_IRQHandler
                0x080007f0                EXTI0_IRQHandler
                0x080007f0                I2C2_EV_IRQHandler
                0x080007f0                DMA1_Stream2_IRQHandler
                0x080007f0                CAN1_RX0_IRQHandler
                0x080007f0                FPU_IRQHandler
                0x080007f0                OTG_HS_WKUP_IRQHandler
                0x080007f0                CAN2_SCE_IRQHandler
                0x080007f0                DMA2_Stream2_IRQHandler
                0x080007f0                SPI1_IRQHandler
                0x080007f0                TIM6_DAC_IRQHandler
                0x080007f0                TIM1_BRK_TIM9_IRQHandler
                0x080007f0                CAN2_RX0_IRQHandler
                0x080007f0                DMA2_Stream3_IRQHandler
                0x080007f0                USART6_IRQHandler
                0x080007f0                USART3_IRQHandler
                0x080007f0                CAN1_RX1_IRQHandler
                0x080007f0                UART5_IRQHandler
                0x080007f0                DMA2_Stream0_IRQHandler
                0x080007f0                TIM4_IRQHandler
                0x080007f0                I2C1_EV_IRQHandler
                0x080007f0                DMA1_Stream6_IRQHandler
                0x080007f0                DMA1_Stream1_IRQHandler
                0x080007f0                UART4_IRQHandler
                0x080007f0                TIM3_IRQHandler
                0x080007f0                RCC_IRQHandler
                0x080007f0                TIM8_BRK_TIM12_IRQHandler
                0x080007f0                Default_Handler
                0x080007f0                EXTI15_10_IRQHandler
                0x080007f0                ADC_IRQHandler
                0x080007f0                DMA1_Stream7_IRQHandler
                0x080007f0                TIM7_IRQHandler
                0x080007f0                CAN2_TX_IRQHandler
                0x080007f0                TIM5_IRQHandler
                0x080007f0                DMA2_Stream7_IRQHandler
                0x080007f0                I2C3_EV_IRQHandler
                0x080007f0                EXTI9_5_IRQHandler
                0x080007f0                RTC_WKUP_IRQHandler
                0x080007f0                SPI2_IRQHandler
                0x080007f0                OTG_HS_EP1_IN_IRQHandler
                0x080007f0                DMA1_Stream0_IRQHandler
                0x080007f0                CAN1_TX_IRQHandler
                0x080007f0                EXTI4_IRQHandler
                0x080007f0                FSMC_IRQHandler
                0x080007f0                OTG_HS_EP1_OUT_IRQHandler
                0x080007f0                WWDG_IRQHandler
                0x080007f0                TIM2_IRQHandler
                0x080007f0                OTG_FS_WKUP_IRQHandler
                0x080007f0                TIM1_TRG_COM_TIM11_IRQHandler
                0x080007f0                OTG_HS_IRQHandler
                0x080007f0                EXTI1_IRQHandler
                0x080007f0                USART2_IRQHandler
                0x080007f0                I2C2_ER_IRQHandler
                0x080007f0                DMA2_Stream1_IRQHandler
                0x080007f0                CAN1_SCE_IRQHandler
                0x080007f0                FLASH_IRQHandler
                0x080007f0                DMA2_Stream4_IRQHandler
                0x080007f0                USART1_IRQHandler
                0x080007f0                SPI3_IRQHandler
                0x080007f0                DMA1_Stream4_IRQHandler
                0x080007f0                I2C1_ER_IRQHandler
                0x080007f0                DMA2_Stream6_IRQHandler
                0x080007f0                DMA1_Stream3_IRQHandler
 *fill*         0x080007f2        0x2 
 .text.HAL_InitTick
                0x080007f4       0x4c CMakeFiles/motor.elf.dir/Drivers/STM32F4xx_HAL_Driver/Src/stm32f4xx_hal.c.obj
                0x080007f4                HAL_InitTick
 .text.HAL_Init
                0x08000840       0x34 CMakeFiles/motor.elf.dir/Drivers/STM32F4xx_HAL_Driver/Src/stm32f4xx_hal.c.obj
                0x08000840                HAL_Init
 .text.HAL_IncTick
                0x08000874       0x18 CMakeFiles/motor.elf.dir/Drivers/STM32F4xx_HAL_Driver/Src/stm32f4xx_hal.c.obj
                0x08000874                HAL_IncTick
 .text.HAL_GetTick
                0x0800088c        0xc CMakeFiles/motor.elf.dir/Drivers/STM32F4xx_HAL_Driver/Src/stm32f4xx_hal.c.obj
                0x0800088c                HAL_GetTick
 .text.HAL_Delay
                0x08000898       0x28 CMakeFiles/motor.elf.dir/Drivers/STM32F4xx_HAL_Driver/Src/stm32f4xx_hal.c.obj
                0x08000898                HAL_Delay
 .text.HAL_NVIC_SetPriorityGrouping
                0x080008c0       0x24 CMakeFiles/motor.elf.dir/Drivers/STM32F4xx_HAL_Driver/Src/stm32f4xx_hal_cortex.c.obj
                0x080008c0                HAL_NVIC_SetPriorityGrouping
 .text.HAL_NVIC_SetPriority
                0x080008e4       0x70 CMakeFiles/motor.elf.dir/Drivers/STM32F4xx_HAL_Driver/Src/stm32f4xx_hal_cortex.c.obj
                0x080008e4                HAL_NVIC_SetPriority
 .text.HAL_NVIC_EnableIRQ
                0x08000954       0x1c CMakeFiles/motor.elf.dir/Drivers/STM32F4xx_HAL_Driver/Src/stm32f4xx_hal_cortex.c.obj
                0x08000954                HAL_NVIC_EnableIRQ
 .text.HAL_SYSTICK_Config
                0x08000970       0x28 CMakeFiles/motor.elf.dir/Drivers/STM32F4xx_HAL_Driver/Src/stm32f4xx_hal_cortex.c.obj
                0x08000970                HAL_SYSTICK_Config
 .text.HAL_GPIO_Init
                0x08000998      0x1e4 CMakeFiles/motor.elf.dir/Drivers/STM32F4xx_HAL_Driver/Src/stm32f4xx_hal_gpio.c.obj
                0x08000998                HAL_GPIO_Init
 .text.PCD_WriteEmptyTxFifo
                0x08000b7c       0xd0 CMakeFiles/motor.elf.dir/Drivers/STM32F4xx_HAL_Driver/Src/stm32f4xx_hal_pcd.c.obj
 .text.HAL_PCD_Init
                0x08000c4c      0x102 CMakeFiles/motor.elf.dir/Drivers/STM32F4xx_HAL_Driver/Src/stm32f4xx_hal_pcd.c.obj
                0x08000c4c                HAL_PCD_Init
 .text.HAL_PCD_Start
                0x08000d4e       0x44 CMakeFiles/motor.elf.dir/Drivers/STM32F4xx_HAL_Driver/Src/stm32f4xx_hal_pcd.c.obj
                0x08000d4e                HAL_PCD_Start
 *fill*         0x08000d92        0x2 
 .text.PCD_EP_OutXfrComplete_int
                0x08000d94      0x104 CMakeFiles/motor.elf.dir/Drivers/STM32F4xx_HAL_Driver/Src/stm32f4xx_hal_pcd.c.obj
 .text.PCD_EP_OutSetupPacket_int
                0x08000e98       0x50 CMakeFiles/motor.elf.dir/Drivers/STM32F4xx_HAL_Driver/Src/stm32f4xx_hal_pcd.c.obj
 .text.HAL_PCD_SetAddress
                0x08000ee8       0x26 CMakeFiles/motor.elf.dir/Drivers/STM32F4xx_HAL_Driver/Src/stm32f4xx_hal_pcd.c.obj
                0x08000ee8                HAL_PCD_SetAddress
 .text.HAL_PCD_EP_Open
                0x08000f0e       0x88 CMakeFiles/motor.elf.dir/Drivers/STM32F4xx_HAL_Driver/Src/stm32f4xx_hal_pcd.c.obj
                0x08000f0e                HAL_PCD_EP_Open
 .text.HAL_PCD_EP_Close
                0x08000f96       0x70 CMakeFiles/motor.elf.dir/Drivers/STM32F4xx_HAL_Driver/Src/stm32f4xx_hal_pcd.c.obj
                0x08000f96                HAL_PCD_EP_Close
 .text.HAL_PCD_EP_Receive
                0x08001006       0x4a CMakeFiles/motor.elf.dir/Drivers/STM32F4xx_HAL_Driver/Src/stm32f4xx_hal_pcd.c.obj
                0x08001006                HAL_PCD_EP_Receive
 .text.HAL_PCD_EP_GetRxCount
                0x08001050       0x12 CMakeFiles/motor.elf.dir/Drivers/STM32F4xx_HAL_Driver/Src/stm32f4xx_hal_pcd.c.obj
                0x08001050                HAL_PCD_EP_GetRxCount
 .text.HAL_PCD_EP_Transmit
                0x08001062       0x4a CMakeFiles/motor.elf.dir/Drivers/STM32F4xx_HAL_Driver/Src/stm32f4xx_hal_pcd.c.obj
                0x08001062                HAL_PCD_EP_Transmit
 .text.HAL_PCD_EP_SetStall
                0x080010ac       0x86 CMakeFiles/motor.elf.dir/Drivers/STM32F4xx_HAL_Driver/Src/stm32f4xx_hal_pcd.c.obj
                0x080010ac                HAL_PCD_EP_SetStall
 .text.HAL_PCD_EP_ClrStall
                0x08001132       0x74 CMakeFiles/motor.elf.dir/Drivers/STM32F4xx_HAL_Driver/Src/stm32f4xx_hal_pcd.c.obj
                0x08001132                HAL_PCD_EP_ClrStall
 .text.HAL_PCD_EP_Abort
                0x080011a6       0x34 CMakeFiles/motor.elf.dir/Drivers/STM32F4xx_HAL_Driver/Src/stm32f4xx_hal_pcd.c.obj
                0x080011a6                HAL_PCD_EP_Abort
 .text.HAL_PCD_IRQHandler
                0x080011da      0x5bc CMakeFiles/motor.elf.dir/Drivers/STM32F4xx_HAL_Driver/Src/stm32f4xx_hal_pcd.c.obj
                0x080011da                HAL_PCD_IRQHandler
 .text.HAL_PCDEx_SetTxFiFo
                0x08001796       0x4a CMakeFiles/motor.elf.dir/Drivers/STM32F4xx_HAL_Driver/Src/stm32f4xx_hal_pcd_ex.c.obj
                0x08001796                HAL_PCDEx_SetTxFiFo
 .text.HAL_PCDEx_SetRxFiFo
                0x080017e0        0x8 CMakeFiles/motor.elf.dir/Drivers/STM32F4xx_HAL_Driver/Src/stm32f4xx_hal_pcd_ex.c.obj
                0x080017e0                HAL_PCDEx_SetRxFiFo
 .text.HAL_PCDEx_LPM_Callback
                0x080017e8        0x2 CMakeFiles/motor.elf.dir/Drivers/STM32F4xx_HAL_Driver/Src/stm32f4xx_hal_pcd_ex.c.obj
                0x080017e8                HAL_PCDEx_LPM_Callback
 *fill*         0x080017ea        0x2 
 .text.HAL_RCC_OscConfig
                0x080017ec      0x3f8 CMakeFiles/motor.elf.dir/Drivers/STM32F4xx_HAL_Driver/Src/stm32f4xx_hal_rcc.c.obj
                0x080017ec                HAL_RCC_OscConfig
 .text.HAL_RCC_GetSysClockFreq
                0x08001be4       0xd4 CMakeFiles/motor.elf.dir/Drivers/STM32F4xx_HAL_Driver/Src/stm32f4xx_hal_rcc.c.obj
                0x08001be4                HAL_RCC_GetSysClockFreq
 .text.HAL_RCC_ClockConfig
                0x08001cb8      0x160 CMakeFiles/motor.elf.dir/Drivers/STM32F4xx_HAL_Driver/Src/stm32f4xx_hal_rcc.c.obj
                0x08001cb8                HAL_RCC_ClockConfig
 .text.HAL_RCC_GetHCLKFreq
                0x08001e18        0xc CMakeFiles/motor.elf.dir/Drivers/STM32F4xx_HAL_Driver/Src/stm32f4xx_hal_rcc.c.obj
                0x08001e18                HAL_RCC_GetHCLKFreq
 .text.TIM_OC1_SetConfig
                0x08001e24       0x68 CMakeFiles/motor.elf.dir/Drivers/STM32F4xx_HAL_Driver/Src/stm32f4xx_hal_tim.c.obj
 .text.TIM_OC3_SetConfig
                0x08001e8c       0x70 CMakeFiles/motor.elf.dir/Drivers/STM32F4xx_HAL_Driver/Src/stm32f4xx_hal_tim.c.obj
 .text.TIM_OC4_SetConfig
                0x08001efc       0x50 CMakeFiles/motor.elf.dir/Drivers/STM32F4xx_HAL_Driver/Src/stm32f4xx_hal_tim.c.obj
 .text.TIM_TI1_ConfigInputStage
                0x08001f4c       0x24 CMakeFiles/motor.elf.dir/Drivers/STM32F4xx_HAL_Driver/Src/stm32f4xx_hal_tim.c.obj
 .text.TIM_TI2_ConfigInputStage
                0x08001f70       0x26 CMakeFiles/motor.elf.dir/Drivers/STM32F4xx_HAL_Driver/Src/stm32f4xx_hal_tim.c.obj
 .text.TIM_ITRx_SetConfig
                0x08001f96       0x10 CMakeFiles/motor.elf.dir/Drivers/STM32F4xx_HAL_Driver/Src/stm32f4xx_hal_tim.c.obj
 .text.HAL_TIM_PWM_MspInit
                0x08001fa6        0x2 CMakeFiles/motor.elf.dir/Drivers/STM32F4xx_HAL_Driver/Src/stm32f4xx_hal_tim.c.obj
                0x08001fa6                HAL_TIM_PWM_MspInit
 .text.TIM_Base_SetConfig
                0x08001fa8       0xd8 CMakeFiles/motor.elf.dir/Drivers/STM32F4xx_HAL_Driver/Src/stm32f4xx_hal_tim.c.obj
                0x08001fa8                TIM_Base_SetConfig
 .text.HAL_TIM_Base_Init
                0x08002080       0x58 CMakeFiles/motor.elf.dir/Drivers/STM32F4xx_HAL_Driver/Src/stm32f4xx_hal_tim.c.obj
                0x08002080                HAL_TIM_Base_Init
 .text.HAL_TIM_PWM_Init
                0x080020d8       0x58 CMakeFiles/motor.elf.dir/Drivers/STM32F4xx_HAL_Driver/Src/stm32f4xx_hal_tim.c.obj
                0x080020d8                HAL_TIM_PWM_Init
 .text.TIM_OC2_SetConfig
                0x08002130       0x70 CMakeFiles/motor.elf.dir/Drivers/STM32F4xx_HAL_Driver/Src/stm32f4xx_hal_tim.c.obj
                0x08002130                TIM_OC2_SetConfig
 .text.HAL_TIM_PWM_ConfigChannel
                0x080021a0       0xdc CMakeFiles/motor.elf.dir/Drivers/STM32F4xx_HAL_Driver/Src/stm32f4xx_hal_tim.c.obj
                0x080021a0                HAL_TIM_PWM_ConfigChannel
 .text.TIM_ETR_SetConfig
                0x0800227c       0x18 CMakeFiles/motor.elf.dir/Drivers/STM32F4xx_HAL_Driver/Src/stm32f4xx_hal_tim.c.obj
                0x0800227c                TIM_ETR_SetConfig
 .text.HAL_TIM_ConfigClockSource
                0x08002294       0xfe CMakeFiles/motor.elf.dir/Drivers/STM32F4xx_HAL_Driver/Src/stm32f4xx_hal_tim.c.obj
                0x08002294                HAL_TIM_ConfigClockSource
 .text.TIM_CCxChannelCmd
                0x08002392       0x1e CMakeFiles/motor.elf.dir/Drivers/STM32F4xx_HAL_Driver/Src/stm32f4xx_hal_tim.c.obj
                0x08002392                TIM_CCxChannelCmd
 .text.HAL_TIM_PWM_Start
                0x080023b0      0x104 CMakeFiles/motor.elf.dir/Drivers/STM32F4xx_HAL_Driver/Src/stm32f4xx_hal_tim.c.obj
                0x080023b0                HAL_TIM_PWM_Start
 .text.HAL_TIMEx_MasterConfigSynchronization
                0x080024b4       0x8c CMakeFiles/motor.elf.dir/Drivers/STM32F4xx_HAL_Driver/Src/stm32f4xx_hal_tim_ex.c.obj
                0x080024b4                HAL_TIMEx_MasterConfigSynchronization
 .text.USB_CoreReset
                0x08002540       0x4a CMakeFiles/motor.elf.dir/Drivers/STM32F4xx_HAL_Driver/Src/stm32f4xx_ll_usb.c.obj
 .text.USB_CoreInit
                0x0800258a       0x92 CMakeFiles/motor.elf.dir/Drivers/STM32F4xx_HAL_Driver/Src/stm32f4xx_ll_usb.c.obj
                0x0800258a                USB_CoreInit
 .text.USB_SetTurnaroundTime
                0x0800261c       0xe4 CMakeFiles/motor.elf.dir/Drivers/STM32F4xx_HAL_Driver/Src/stm32f4xx_ll_usb.c.obj
                0x0800261c                USB_SetTurnaroundTime
 .text.USB_EnableGlobalInt
                0x08002700        0xc CMakeFiles/motor.elf.dir/Drivers/STM32F4xx_HAL_Driver/Src/stm32f4xx_ll_usb.c.obj
                0x08002700                USB_EnableGlobalInt
 .text.USB_DisableGlobalInt
                0x0800270c        0xc CMakeFiles/motor.elf.dir/Drivers/STM32F4xx_HAL_Driver/Src/stm32f4xx_ll_usb.c.obj
                0x0800270c                USB_DisableGlobalInt
 .text.USB_FlushTxFifo
                0x08002718       0x4a CMakeFiles/motor.elf.dir/Drivers/STM32F4xx_HAL_Driver/Src/stm32f4xx_ll_usb.c.obj
                0x08002718                USB_FlushTxFifo
 .text.USB_FlushRxFifo
                0x08002762       0x46 CMakeFiles/motor.elf.dir/Drivers/STM32F4xx_HAL_Driver/Src/stm32f4xx_ll_usb.c.obj
                0x08002762                USB_FlushRxFifo
 .text.USB_SetDevSpeed
                0x080027a8        0xe CMakeFiles/motor.elf.dir/Drivers/STM32F4xx_HAL_Driver/Src/stm32f4xx_ll_usb.c.obj
                0x080027a8                USB_SetDevSpeed
 *fill*         0x080027b6        0x2 
 .text.USB_DevInit
                0x080027b8      0x194 CMakeFiles/motor.elf.dir/Drivers/STM32F4xx_HAL_Driver/Src/stm32f4xx_ll_usb.c.obj
                0x080027b8                USB_DevInit
 .text.USB_GetDevSpeed
                0x0800294c       0x22 CMakeFiles/motor.elf.dir/Drivers/STM32F4xx_HAL_Driver/Src/stm32f4xx_ll_usb.c.obj
                0x0800294c                USB_GetDevSpeed
 .text.USB_ActivateEndpoint
                0x0800296e       0x9c CMakeFiles/motor.elf.dir/Drivers/STM32F4xx_HAL_Driver/Src/stm32f4xx_ll_usb.c.obj
                0x0800296e                USB_ActivateEndpoint
 *fill*         0x08002a0a        0x2 
 .text.USB_DeactivateEndpoint
                0x08002a0c       0xe0 CMakeFiles/motor.elf.dir/Drivers/STM32F4xx_HAL_Driver/Src/stm32f4xx_ll_usb.c.obj
                0x08002a0c                USB_DeactivateEndpoint
 .text.USB_EPStopXfer
                0x08002aec       0xbc CMakeFiles/motor.elf.dir/Drivers/STM32F4xx_HAL_Driver/Src/stm32f4xx_ll_usb.c.obj
                0x08002aec                USB_EPStopXfer
 .text.USB_WritePacket
                0x08002ba8       0x2e CMakeFiles/motor.elf.dir/Drivers/STM32F4xx_HAL_Driver/Src/stm32f4xx_ll_usb.c.obj
                0x08002ba8                USB_WritePacket
 *fill*         0x08002bd6        0x2 
 .text.USB_EPStartXfer
                0x08002bd8      0x244 CMakeFiles/motor.elf.dir/Drivers/STM32F4xx_HAL_Driver/Src/stm32f4xx_ll_usb.c.obj
                0x08002bd8                USB_EPStartXfer
 .text.USB_ReadPacket
                0x08002e1c       0x54 CMakeFiles/motor.elf.dir/Drivers/STM32F4xx_HAL_Driver/Src/stm32f4xx_ll_usb.c.obj
                0x08002e1c                USB_ReadPacket
 .text.USB_EPSetStall
                0x08002e70       0x5a CMakeFiles/motor.elf.dir/Drivers/STM32F4xx_HAL_Driver/Src/stm32f4xx_ll_usb.c.obj
                0x08002e70                USB_EPSetStall
 .text.USB_EPClearStall
                0x08002eca       0x5c CMakeFiles/motor.elf.dir/Drivers/STM32F4xx_HAL_Driver/Src/stm32f4xx_ll_usb.c.obj
                0x08002eca                USB_EPClearStall
 .text.USB_SetDevAddress
                0x08002f26       0x20 CMakeFiles/motor.elf.dir/Drivers/STM32F4xx_HAL_Driver/Src/stm32f4xx_ll_usb.c.obj
                0x08002f26                USB_SetDevAddress
 .text.USB_DevConnect
                0x08002f46       0x1c CMakeFiles/motor.elf.dir/Drivers/STM32F4xx_HAL_Driver/Src/stm32f4xx_ll_usb.c.obj
                0x08002f46                USB_DevConnect
 .text.USB_DevDisconnect
                0x08002f62       0x1c CMakeFiles/motor.elf.dir/Drivers/STM32F4xx_HAL_Driver/Src/stm32f4xx_ll_usb.c.obj
                0x08002f62                USB_DevDisconnect
 .text.USB_ReadInterrupts
                0x08002f7e        0x8 CMakeFiles/motor.elf.dir/Drivers/STM32F4xx_HAL_Driver/Src/stm32f4xx_ll_usb.c.obj
                0x08002f7e                USB_ReadInterrupts
 .text.USB_ReadDevAllOutEpInterrupt
                0x08002f86       0x10 CMakeFiles/motor.elf.dir/Drivers/STM32F4xx_HAL_Driver/Src/stm32f4xx_ll_usb.c.obj
                0x08002f86                USB_ReadDevAllOutEpInterrupt
 .text.USB_ReadDevAllInEpInterrupt
                0x08002f96       0x10 CMakeFiles/motor.elf.dir/Drivers/STM32F4xx_HAL_Driver/Src/stm32f4xx_ll_usb.c.obj
                0x08002f96                USB_ReadDevAllInEpInterrupt
 .text.USB_ReadDevOutEPInterrupt
                0x08002fa6       0x12 CMakeFiles/motor.elf.dir/Drivers/STM32F4xx_HAL_Driver/Src/stm32f4xx_ll_usb.c.obj
                0x08002fa6                USB_ReadDevOutEPInterrupt
 .text.USB_ReadDevInEPInterrupt
                0x08002fb8       0x26 CMakeFiles/motor.elf.dir/Drivers/STM32F4xx_HAL_Driver/Src/stm32f4xx_ll_usb.c.obj
                0x08002fb8                USB_ReadDevInEPInterrupt
 .text.USB_GetMode
                0x08002fde        0x8 CMakeFiles/motor.elf.dir/Drivers/STM32F4xx_HAL_Driver/Src/stm32f4xx_ll_usb.c.obj
                0x08002fde                USB_GetMode
 .text.USB_SetCurrentMode
                0x08002fe6       0x62 CMakeFiles/motor.elf.dir/Drivers/STM32F4xx_HAL_Driver/Src/stm32f4xx_ll_usb.c.obj
                0x08002fe6                USB_SetCurrentMode
 .text.USB_ActivateSetup
                0x08003048       0x20 CMakeFiles/motor.elf.dir/Drivers/STM32F4xx_HAL_Driver/Src/stm32f4xx_ll_usb.c.obj
                0x08003048                USB_ActivateSetup
 .text.USB_EP0_OutStart
                0x08003068       0x5c CMakeFiles/motor.elf.dir/Drivers/STM32F4xx_HAL_Driver/Src/stm32f4xx_ll_usb.c.obj
                0x08003068                USB_EP0_OutStart
 .text.USBD_CDC_EP0_RxReady
                0x080030c4       0x40 CMakeFiles/motor.elf.dir/Middlewares/ST/STM32_USB_Device_Library/Class/CDC/Src/usbd_cdc.c.obj
 .text.USBD_CDC_GetDeviceQualifierDescriptor
                0x08003104        0xc CMakeFiles/motor.elf.dir/Middlewares/ST/STM32_USB_Device_Library/Class/CDC/Src/usbd_cdc.c.obj
                0x08003104                USBD_CDC_GetDeviceQualifierDescriptor
 .text.USBD_CDC_GetOtherSpeedCfgDesc
                0x08003110       0x48 CMakeFiles/motor.elf.dir/Middlewares/ST/STM32_USB_Device_Library/Class/CDC/Src/usbd_cdc.c.obj
 .text.USBD_CDC_GetFSCfgDesc
                0x08003158       0x48 CMakeFiles/motor.elf.dir/Middlewares/ST/STM32_USB_Device_Library/Class/CDC/Src/usbd_cdc.c.obj
 .text.USBD_CDC_GetHSCfgDesc
                0x080031a0       0x48 CMakeFiles/motor.elf.dir/Middlewares/ST/STM32_USB_Device_Library/Class/CDC/Src/usbd_cdc.c.obj
 .text.USBD_CDC_DataOut
                0x080031e8       0x38 CMakeFiles/motor.elf.dir/Middlewares/ST/STM32_USB_Device_Library/Class/CDC/Src/usbd_cdc.c.obj
 .text.USBD_CDC_DataIn
                0x08003220       0x7c CMakeFiles/motor.elf.dir/Middlewares/ST/STM32_USB_Device_Library/Class/CDC/Src/usbd_cdc.c.obj
 .text.USBD_CDC_Setup
                0x0800329c      0x11a CMakeFiles/motor.elf.dir/Middlewares/ST/STM32_USB_Device_Library/Class/CDC/Src/usbd_cdc.c.obj
 .text.USBD_CDC_DeInit
                0x080033b6       0x64 CMakeFiles/motor.elf.dir/Middlewares/ST/STM32_USB_Device_Library/Class/CDC/Src/usbd_cdc.c.obj
 .text.USBD_CDC_Init
                0x0800341a       0xee CMakeFiles/motor.elf.dir/Middlewares/ST/STM32_USB_Device_Library/Class/CDC/Src/usbd_cdc.c.obj
 .text.USBD_CDC_RegisterInterface
                0x08003508       0x16 CMakeFiles/motor.elf.dir/Middlewares/ST/STM32_USB_Device_Library/Class/CDC/Src/usbd_cdc.c.obj
                0x08003508                USBD_CDC_RegisterInterface
 .text.USBD_CDC_SetTxBuffer
                0x0800351e       0x1c CMakeFiles/motor.elf.dir/Middlewares/ST/STM32_USB_Device_Library/Class/CDC/Src/usbd_cdc.c.obj
                0x0800351e                USBD_CDC_SetTxBuffer
 .text.USBD_CDC_SetRxBuffer
                0x0800353a       0x18 CMakeFiles/motor.elf.dir/Middlewares/ST/STM32_USB_Device_Library/Class/CDC/Src/usbd_cdc.c.obj
                0x0800353a                USBD_CDC_SetRxBuffer
 .text.USBD_CDC_TransmitPacket
                0x08003552       0x3a CMakeFiles/motor.elf.dir/Middlewares/ST/STM32_USB_Device_Library/Class/CDC/Src/usbd_cdc.c.obj
                0x08003552                USBD_CDC_TransmitPacket
 .text.USBD_CDC_ReceivePacket
                0x0800358c       0x38 CMakeFiles/motor.elf.dir/Middlewares/ST/STM32_USB_Device_Library/Class/CDC/Src/usbd_cdc.c.obj
                0x0800358c                USBD_CDC_ReceivePacket
 .text.USBD_Init
                0x080035c4       0x2e CMakeFiles/motor.elf.dir/Middlewares/ST/STM32_USB_Device_Library/Core/Src/usbd_core.c.obj
                0x080035c4                USBD_Init
 .text.USBD_RegisterClass
                0x080035f2       0x34 CMakeFiles/motor.elf.dir/Middlewares/ST/STM32_USB_Device_Library/Core/Src/usbd_core.c.obj
                0x080035f2                USBD_RegisterClass
 .text.USBD_Start
                0x08003626        0x8 CMakeFiles/motor.elf.dir/Middlewares/ST/STM32_USB_Device_Library/Core/Src/usbd_core.c.obj
                0x08003626                USBD_Start
 .text.USBD_SetClassConfig
                0x0800362e       0x12 CMakeFiles/motor.elf.dir/Middlewares/ST/STM32_USB_Device_Library/Core/Src/usbd_core.c.obj
                0x0800362e                USBD_SetClassConfig
 .text.USBD_ClrClassConfig
                0x08003640       0x12 CMakeFiles/motor.elf.dir/Middlewares/ST/STM32_USB_Device_Library/Core/Src/usbd_core.c.obj
                0x08003640                USBD_ClrClassConfig
 .text.USBD_LL_SetupStage
                0x08003652       0x58 CMakeFiles/motor.elf.dir/Middlewares/ST/STM32_USB_Device_Library/Core/Src/usbd_core.c.obj
                0x08003652                USBD_LL_SetupStage
 .text.USBD_LL_Reset
                0x080036aa       0x64 CMakeFiles/motor.elf.dir/Middlewares/ST/STM32_USB_Device_Library/Core/Src/usbd_core.c.obj
                0x080036aa                USBD_LL_Reset
 .text.USBD_LL_SetSpeed
                0x0800370e        0x6 CMakeFiles/motor.elf.dir/Middlewares/ST/STM32_USB_Device_Library/Core/Src/usbd_core.c.obj
                0x0800370e                USBD_LL_SetSpeed
 .text.USBD_LL_Suspend
                0x08003714       0x1e CMakeFiles/motor.elf.dir/Middlewares/ST/STM32_USB_Device_Library/Core/Src/usbd_core.c.obj
                0x08003714                USBD_LL_Suspend
 .text.USBD_LL_Resume
                0x08003732       0x1a CMakeFiles/motor.elf.dir/Middlewares/ST/STM32_USB_Device_Library/Core/Src/usbd_core.c.obj
                0x08003732                USBD_LL_Resume
 .text.USBD_LL_SOF
                0x0800374c       0x22 CMakeFiles/motor.elf.dir/Middlewares/ST/STM32_USB_Device_Library/Core/Src/usbd_core.c.obj
                0x0800374c                USBD_LL_SOF
 .text.USBD_LL_IsoINIncomplete
                0x0800376e       0x2e CMakeFiles/motor.elf.dir/Middlewares/ST/STM32_USB_Device_Library/Core/Src/usbd_core.c.obj
                0x0800376e                USBD_LL_IsoINIncomplete
 .text.USBD_LL_IsoOUTIncomplete
                0x0800379c       0x2e CMakeFiles/motor.elf.dir/Middlewares/ST/STM32_USB_Device_Library/Core/Src/usbd_core.c.obj
                0x0800379c                USBD_LL_IsoOUTIncomplete
 .text.USBD_LL_DevConnected
                0x080037ca        0x4 CMakeFiles/motor.elf.dir/Middlewares/ST/STM32_USB_Device_Library/Core/Src/usbd_core.c.obj
                0x080037ca                USBD_LL_DevConnected
 .text.USBD_LL_DevDisconnected
                0x080037ce       0x20 CMakeFiles/motor.elf.dir/Middlewares/ST/STM32_USB_Device_Library/Core/Src/usbd_core.c.obj
                0x080037ce                USBD_LL_DevDisconnected
 .text.USBD_CoreFindIF
                0x080037ee        0x4 CMakeFiles/motor.elf.dir/Middlewares/ST/STM32_USB_Device_Library/Core/Src/usbd_core.c.obj
                0x080037ee                USBD_CoreFindIF
 .text.USBD_CoreFindEP
                0x080037f2        0x4 CMakeFiles/motor.elf.dir/Middlewares/ST/STM32_USB_Device_Library/Core/Src/usbd_core.c.obj
                0x080037f2                USBD_CoreFindEP
 .text.USBD_LL_DataOutStage
                0x080037f6       0xc6 CMakeFiles/motor.elf.dir/Middlewares/ST/STM32_USB_Device_Library/Core/Src/usbd_core.c.obj
                0x080037f6                USBD_LL_DataOutStage
 .text.USBD_LL_DataInStage
                0x080038bc       0xd6 CMakeFiles/motor.elf.dir/Middlewares/ST/STM32_USB_Device_Library/Core/Src/usbd_core.c.obj
                0x080038bc                USBD_LL_DataInStage
 .text.USBD_GetNextDesc
                0x08003992        0xe CMakeFiles/motor.elf.dir/Middlewares/ST/STM32_USB_Device_Library/Core/Src/usbd_core.c.obj
                0x08003992                USBD_GetNextDesc
 .text.USBD_GetEpDesc
                0x080039a0       0x3e CMakeFiles/motor.elf.dir/Middlewares/ST/STM32_USB_Device_Library/Core/Src/usbd_core.c.obj
                0x080039a0                USBD_GetEpDesc
 .text.USBD_GetLen
                0x080039de       0x14 CMakeFiles/motor.elf.dir/Middlewares/ST/STM32_USB_Device_Library/Core/Src/usbd_ctlreq.c.obj
 .text.USBD_ParseSetupRequest
                0x080039f2       0x28 CMakeFiles/motor.elf.dir/Middlewares/ST/STM32_USB_Device_Library/Core/Src/usbd_ctlreq.c.obj
                0x080039f2                USBD_ParseSetupRequest
 .text.USBD_CtlError
                0x08003a1a       0x14 CMakeFiles/motor.elf.dir/Middlewares/ST/STM32_USB_Device_Library/Core/Src/usbd_ctlreq.c.obj
                0x08003a1a                USBD_CtlError
 .text.USBD_GetDescriptor
                0x08003a2e      0x18a CMakeFiles/motor.elf.dir/Middlewares/ST/STM32_USB_Device_Library/Core/Src/usbd_ctlreq.c.obj
 .text.USBD_SetAddress
                0x08003bb8       0x50 CMakeFiles/motor.elf.dir/Middlewares/ST/STM32_USB_Device_Library/Core/Src/usbd_ctlreq.c.obj
 .text.USBD_SetConfig
                0x08003c08       0xcc CMakeFiles/motor.elf.dir/Middlewares/ST/STM32_USB_Device_Library/Core/Src/usbd_ctlreq.c.obj
 .text.USBD_GetConfig
                0x08003cd4       0x40 CMakeFiles/motor.elf.dir/Middlewares/ST/STM32_USB_Device_Library/Core/Src/usbd_ctlreq.c.obj
 .text.USBD_GetStatus
                0x08003d14       0x38 CMakeFiles/motor.elf.dir/Middlewares/ST/STM32_USB_Device_Library/Core/Src/usbd_ctlreq.c.obj
 .text.USBD_SetFeature
                0x08003d4c       0x2a CMakeFiles/motor.elf.dir/Middlewares/ST/STM32_USB_Device_Library/Core/Src/usbd_ctlreq.c.obj
 .text.USBD_ClrFeature
                0x08003d76       0x26 CMakeFiles/motor.elf.dir/Middlewares/ST/STM32_USB_Device_Library/Core/Src/usbd_ctlreq.c.obj
 .text.USBD_StdDevReq
                0x08003d9c       0x76 CMakeFiles/motor.elf.dir/Middlewares/ST/STM32_USB_Device_Library/Core/Src/usbd_ctlreq.c.obj
                0x08003d9c                USBD_StdDevReq
 .text.USBD_StdItfReq
                0x08003e12       0x84 CMakeFiles/motor.elf.dir/Middlewares/ST/STM32_USB_Device_Library/Core/Src/usbd_ctlreq.c.obj
                0x08003e12                USBD_StdItfReq
 .text.USBD_StdEPReq
                0x08003e96      0x230 CMakeFiles/motor.elf.dir/Middlewares/ST/STM32_USB_Device_Library/Core/Src/usbd_ctlreq.c.obj
                0x08003e96                USBD_StdEPReq
 .text.USBD_GetString
                0x080040c6       0x3a CMakeFiles/motor.elf.dir/Middlewares/ST/STM32_USB_Device_Library/Core/Src/usbd_ctlreq.c.obj
                0x080040c6                USBD_GetString
 .text.USBD_CtlSendData
                0x08004100       0x1a CMakeFiles/motor.elf.dir/Middlewares/ST/STM32_USB_Device_Library/Core/Src/usbd_ioreq.c.obj
                0x08004100                USBD_CtlSendData
 .text.USBD_CtlContinueSendData
                0x0800411a       0x10 CMakeFiles/motor.elf.dir/Middlewares/ST/STM32_USB_Device_Library/Core/Src/usbd_ioreq.c.obj
                0x0800411a                USBD_CtlContinueSendData
 .text.USBD_CtlPrepareRx
                0x0800412a       0x1e CMakeFiles/motor.elf.dir/Middlewares/ST/STM32_USB_Device_Library/Core/Src/usbd_ioreq.c.obj
                0x0800412a                USBD_CtlPrepareRx
 .text.USBD_CtlContinueRx
                0x08004148       0x10 CMakeFiles/motor.elf.dir/Middlewares/ST/STM32_USB_Device_Library/Core/Src/usbd_ioreq.c.obj
                0x08004148                USBD_CtlContinueRx
 .text.USBD_CtlSendStatus
                0x08004158       0x16 CMakeFiles/motor.elf.dir/Middlewares/ST/STM32_USB_Device_Library/Core/Src/usbd_ioreq.c.obj
                0x08004158                USBD_CtlSendStatus
 .text.USBD_CtlReceiveStatus
                0x0800416e       0x16 CMakeFiles/motor.elf.dir/Middlewares/ST/STM32_USB_Device_Library/Core/Src/usbd_ioreq.c.obj
                0x0800416e                USBD_CtlReceiveStatus
 .text.MX_USB_DEVICE_Init
                0x08004184       0x54 CMakeFiles/motor.elf.dir/USB_DEVICE/App/usb_device.c.obj
                0x08004184                MX_USB_DEVICE_Init
 .text.CDC_DeInit_FS
                0x080041d8        0x4 CMakeFiles/motor.elf.dir/USB_DEVICE/App/usbd_cdc_if.c.obj
 .text.CDC_Control_FS
                0x080041dc        0x4 CMakeFiles/motor.elf.dir/USB_DEVICE/App/usbd_cdc_if.c.obj
 .text.CDC_TransmitCplt_FS
                0x080041e0        0x4 CMakeFiles/motor.elf.dir/USB_DEVICE/App/usbd_cdc_if.c.obj
 .text.CDC_Init_FS
                0x080041e4       0x28 CMakeFiles/motor.elf.dir/USB_DEVICE/App/usbd_cdc_if.c.obj
 .text.CDC_Transmit_FS
                0x0800420c       0x2c CMakeFiles/motor.elf.dir/USB_DEVICE/App/usbd_cdc_if.c.obj
                0x0800420c                CDC_Transmit_FS
 .text.CDC_Receive_FS
                0x08004238       0x30 CMakeFiles/motor.elf.dir/USB_DEVICE/App/usbd_cdc_if.c.obj
 .text.USBD_FS_DeviceDescriptor
                0x08004268        0xc CMakeFiles/motor.elf.dir/USB_DEVICE/App/usbd_desc.c.obj
                0x08004268                USBD_FS_DeviceDescriptor
 .text.USBD_FS_LangIDStrDescriptor
                0x08004274        0xc CMakeFiles/motor.elf.dir/USB_DEVICE/App/usbd_desc.c.obj
                0x08004274                USBD_FS_LangIDStrDescriptor
 .text.IntToUnicode
                0x08004280       0x46 CMakeFiles/motor.elf.dir/USB_DEVICE/App/usbd_desc.c.obj
 *fill*         0x080042c6        0x2 
 .text.Get_SerialNum
                0x080042c8       0x38 CMakeFiles/motor.elf.dir/USB_DEVICE/App/usbd_desc.c.obj
 .text.USBD_FS_SerialStrDescriptor
                0x08004300       0x14 CMakeFiles/motor.elf.dir/USB_DEVICE/App/usbd_desc.c.obj
                0x08004300                USBD_FS_SerialStrDescriptor
 .text.USBD_FS_ProductStrDescriptor
                0x08004314       0x24 CMakeFiles/motor.elf.dir/USB_DEVICE/App/usbd_desc.c.obj
                0x08004314                USBD_FS_ProductStrDescriptor
 .text.USBD_FS_ManufacturerStrDescriptor
                0x08004338       0x1c CMakeFiles/motor.elf.dir/USB_DEVICE/App/usbd_desc.c.obj
                0x08004338                USBD_FS_ManufacturerStrDescriptor
 .text.USBD_FS_ConfigStrDescriptor
                0x08004354       0x24 CMakeFiles/motor.elf.dir/USB_DEVICE/App/usbd_desc.c.obj
                0x08004354                USBD_FS_ConfigStrDescriptor
 .text.USBD_FS_InterfaceStrDescriptor
                0x08004378       0x24 CMakeFiles/motor.elf.dir/USB_DEVICE/App/usbd_desc.c.obj
                0x08004378                USBD_FS_InterfaceStrDescriptor
 .text.HAL_PCD_MspInit
                0x0800439c       0x84 CMakeFiles/motor.elf.dir/USB_DEVICE/Target/usbd_conf.c.obj
                0x0800439c                HAL_PCD_MspInit
 .text.HAL_PCD_SetupStageCallback
                0x08004420       0x10 CMakeFiles/motor.elf.dir/USB_DEVICE/Target/usbd_conf.c.obj
                0x08004420                HAL_PCD_SetupStageCallback
 .text.HAL_PCD_DataOutStageCallback
                0x08004430       0x18 CMakeFiles/motor.elf.dir/USB_DEVICE/Target/usbd_conf.c.obj
                0x08004430                HAL_PCD_DataOutStageCallback
 .text.HAL_PCD_DataInStageCallback
                0x08004448       0x16 CMakeFiles/motor.elf.dir/USB_DEVICE/Target/usbd_conf.c.obj
                0x08004448                HAL_PCD_DataInStageCallback
 .text.HAL_PCD_SOFCallback
                0x0800445e        0xc CMakeFiles/motor.elf.dir/USB_DEVICE/Target/usbd_conf.c.obj
                0x0800445e                HAL_PCD_SOFCallback
 .text.HAL_PCD_ResetCallback
                0x0800446a       0x28 CMakeFiles/motor.elf.dir/USB_DEVICE/Target/usbd_conf.c.obj
                0x0800446a                HAL_PCD_ResetCallback
 *fill*         0x08004492        0x2 
 .text.HAL_PCD_SuspendCallback
                0x08004494       0x30 CMakeFiles/motor.elf.dir/USB_DEVICE/Target/usbd_conf.c.obj
                0x08004494                HAL_PCD_SuspendCallback
 .text.HAL_PCD_ResumeCallback
                0x080044c4        0xc CMakeFiles/motor.elf.dir/USB_DEVICE/Target/usbd_conf.c.obj
                0x080044c4                HAL_PCD_ResumeCallback
 .text.HAL_PCD_ISOOUTIncompleteCallback
                0x080044d0        0xc CMakeFiles/motor.elf.dir/USB_DEVICE/Target/usbd_conf.c.obj
                0x080044d0                HAL_PCD_ISOOUTIncompleteCallback
 .text.HAL_PCD_ISOINIncompleteCallback
                0x080044dc        0xc CMakeFiles/motor.elf.dir/USB_DEVICE/Target/usbd_conf.c.obj
                0x080044dc                HAL_PCD_ISOINIncompleteCallback
 .text.HAL_PCD_ConnectCallback
                0x080044e8        0xc CMakeFiles/motor.elf.dir/USB_DEVICE/Target/usbd_conf.c.obj
                0x080044e8                HAL_PCD_ConnectCallback
 .text.HAL_PCD_DisconnectCallback
                0x080044f4        0xc CMakeFiles/motor.elf.dir/USB_DEVICE/Target/usbd_conf.c.obj
                0x080044f4                HAL_PCD_DisconnectCallback
 .text.USBD_LL_Init
                0x08004500       0x68 CMakeFiles/motor.elf.dir/USB_DEVICE/Target/usbd_conf.c.obj
                0x08004500                USBD_LL_Init
 .text.USBD_LL_IsStallEP
                0x08004568       0x2c CMakeFiles/motor.elf.dir/USB_DEVICE/Target/usbd_conf.c.obj
                0x08004568                USBD_LL_IsStallEP
 .text.USBD_LL_GetRxDataSize
                0x08004594        0xc CMakeFiles/motor.elf.dir/USB_DEVICE/Target/usbd_conf.c.obj
                0x08004594                USBD_LL_GetRxDataSize
 .text.USBD_static_malloc
                0x080045a0        0x8 CMakeFiles/motor.elf.dir/USB_DEVICE/Target/usbd_conf.c.obj
                0x080045a0                USBD_static_malloc
 .text.USBD_static_free
                0x080045a8        0x2 CMakeFiles/motor.elf.dir/USB_DEVICE/Target/usbd_conf.c.obj
                0x080045a8                USBD_static_free
 .text.USBD_Get_USB_Status
                0x080045aa       0x14 CMakeFiles/motor.elf.dir/USB_DEVICE/Target/usbd_conf.c.obj
                0x080045aa                USBD_Get_USB_Status
 .text.USBD_LL_Start
                0x080045be       0x10 CMakeFiles/motor.elf.dir/USB_DEVICE/Target/usbd_conf.c.obj
                0x080045be                USBD_LL_Start
 .text.USBD_LL_OpenEP
                0x080045ce       0x16 CMakeFiles/motor.elf.dir/USB_DEVICE/Target/usbd_conf.c.obj
                0x080045ce                USBD_LL_OpenEP
 .text.USBD_LL_CloseEP
                0x080045e4       0x10 CMakeFiles/motor.elf.dir/USB_DEVICE/Target/usbd_conf.c.obj
                0x080045e4                USBD_LL_CloseEP
 .text.USBD_LL_StallEP
                0x080045f4       0x10 CMakeFiles/motor.elf.dir/USB_DEVICE/Target/usbd_conf.c.obj
                0x080045f4                USBD_LL_StallEP
 .text.USBD_LL_ClearStallEP
                0x08004604       0x10 CMakeFiles/motor.elf.dir/USB_DEVICE/Target/usbd_conf.c.obj
                0x08004604                USBD_LL_ClearStallEP
 .text.USBD_LL_SetUSBAddress
                0x08004614       0x10 CMakeFiles/motor.elf.dir/USB_DEVICE/Target/usbd_conf.c.obj
                0x08004614                USBD_LL_SetUSBAddress
 .text.USBD_LL_Transmit
                0x08004624       0x10 CMakeFiles/motor.elf.dir/USB_DEVICE/Target/usbd_conf.c.obj
                0x08004624                USBD_LL_Transmit
 .text.USBD_LL_PrepareReceive
                0x08004634       0x10 CMakeFiles/motor.elf.dir/USB_DEVICE/Target/usbd_conf.c.obj
                0x08004634                USBD_LL_PrepareReceive
 .text.__libc_init_array
                0x08004644       0x48 c:/progra~2/gnuarm~1/102021~1.10/bin/../lib/gcc/arm-none-eabi/10.3.1/../../../../arm-none-eabi/lib/thumb/v7e-m/nofp\libg.a(lib_a-init.o)
                0x08004644                __libc_init_array
 .text.memset   0x0800468c       0xa4 c:/progra~2/gnuarm~1/102021~1.10/bin/../lib/gcc/arm-none-eabi/10.3.1/../../../../arm-none-eabi/lib/thumb/v7e-m/nofp\libg.a(lib_a-memset.o)
                0x0800468c                memset
 .text.startup.register_fini
                0x08004730       0x14 c:/progra~2/gnuarm~1/102021~1.10/bin/../lib/gcc/arm-none-eabi/10.3.1/../../../../arm-none-eabi/lib/thumb/v7e-m/nofp\libg.a(lib_a-__call_atexit.o)
 .text.atexit   0x08004744        0xc c:/progra~2/gnuarm~1/102021~1.10/bin/../lib/gcc/arm-none-eabi/10.3.1/../../../../arm-none-eabi/lib/thumb/v7e-m/nofp\libg.a(lib_a-atexit.o)
                0x08004744                atexit
 .text.__libc_fini_array
                0x08004750       0x2c c:/progra~2/gnuarm~1/102021~1.10/bin/../lib/gcc/arm-none-eabi/10.3.1/../../../../arm-none-eabi/lib/thumb/v7e-m/nofp\libg.a(lib_a-fini.o)
                0x08004750                __libc_fini_array
 .text.__retarget_lock_acquire_recursive
                0x0800477c        0x4 c:/progra~2/gnuarm~1/102021~1.10/bin/../lib/gcc/arm-none-eabi/10.3.1/../../../../arm-none-eabi/lib/thumb/v7e-m/nofp\libg.a(lib_a-lock.o)
                0x0800477c                __retarget_lock_acquire_recursive
 .text.__retarget_lock_release_recursive
                0x08004780        0x4 c:/progra~2/gnuarm~1/102021~1.10/bin/../lib/gcc/arm-none-eabi/10.3.1/../../../../arm-none-eabi/lib/thumb/v7e-m/nofp\libg.a(lib_a-lock.o)
                0x08004780                __retarget_lock_release_recursive
 .text.__register_exitproc
                0x08004784       0x8c c:/progra~2/gnuarm~1/102021~1.10/bin/../lib/gcc/arm-none-eabi/10.3.1/../../../../arm-none-eabi/lib/thumb/v7e-m/nofp\libg.a(lib_a-__atexit.o)
                0x08004784                __register_exitproc
 *(.glue_7)
 .glue_7        0x08004810        0x0 linker stubs
 *(.glue_7t)
 .glue_7t       0x08004810        0x0 linker stubs
 *(.eh_frame)
 .eh_frame      0x08004810        0x0 c:/progra~2/gnuarm~1/102021~1.10/bin/../lib/gcc/arm-none-eabi/10.3.1/thumb/v7e-m/nofp/crtbegin.o
 *(.init)
 .init          0x08004810        0x4 c:/progra~2/gnuarm~1/102021~1.10/bin/../lib/gcc/arm-none-eabi/10.3.1/thumb/v7e-m/nofp/crti.o
                0x08004810                _init
 .init          0x08004814        0x8 c:/progra~2/gnuarm~1/102021~1.10/bin/../lib/gcc/arm-none-eabi/10.3.1/thumb/v7e-m/nofp/crtn.o
 *(.fini)
 .fini          0x0800481c        0x4 c:/progra~2/gnuarm~1/102021~1.10/bin/../lib/gcc/arm-none-eabi/10.3.1/thumb/v7e-m/nofp/crti.o
                0x0800481c                _fini
 .fini          0x08004820        0x8 c:/progra~2/gnuarm~1/102021~1.10/bin/../lib/gcc/arm-none-eabi/10.3.1/thumb/v7e-m/nofp/crtn.o
                0x08004828                . = ALIGN (0x4)
                0x08004828                _etext = .

.vfp11_veneer   0x08004828        0x0
 .vfp11_veneer  0x08004828        0x0 linker stubs

.v4_bx          0x08004828        0x0
 .v4_bx         0x08004828        0x0 linker stubs

.iplt           0x08004828        0x0
 .iplt          0x08004828        0x0 c:/progra~2/gnuarm~1/102021~1.10/bin/../lib/gcc/arm-none-eabi/10.3.1/thumb/v7e-m/nofp/crtbegin.o

.rodata         0x08004828       0x5c
                0x08004828                . = ALIGN (0x4)
 *(.rodata)
 *(.rodata*)
 .rodata.AHBPrescTable
                0x08004828       0x10 CMakeFiles/motor.elf.dir/Core/Src/system_stm32f4xx.c.obj
                0x08004828                AHBPrescTable
 .rodata.USBD_FS_ProductStrDescriptor.str1.4
                0x08004838       0x16 CMakeFiles/motor.elf.dir/USB_DEVICE/App/usbd_desc.c.obj
 *fill*         0x0800484e        0x2 
 .rodata.USBD_FS_ManufacturerStrDescriptor.str1.4
                0x08004850       0x13 CMakeFiles/motor.elf.dir/USB_DEVICE/App/usbd_desc.c.obj
 *fill*         0x08004863        0x1 
 .rodata.USBD_FS_ConfigStrDescriptor.str1.4
                0x08004864        0xb CMakeFiles/motor.elf.dir/USB_DEVICE/App/usbd_desc.c.obj
 *fill*         0x0800486f        0x1 
 .rodata.USBD_FS_InterfaceStrDescriptor.str1.4
                0x08004870        0xe CMakeFiles/motor.elf.dir/USB_DEVICE/App/usbd_desc.c.obj
 *fill*         0x0800487e        0x2 
 .rodata._global_impure_ptr
                0x08004880        0x4 c:/progra~2/gnuarm~1/102021~1.10/bin/../lib/gcc/arm-none-eabi/10.3.1/../../../../arm-none-eabi/lib/thumb/v7e-m/nofp\libg.a(lib_a-impure.o)
                0x08004880                _global_impure_ptr
                0x08004884                . = ALIGN (0x4)

.ARM.extab      0x08004884        0x0
                0x08004884                . = ALIGN (0x4)
 *(.ARM.extab* .gnu.linkonce.armextab.*)
                0x08004884                . = ALIGN (0x4)

.ARM            0x08004884        0x8
                0x08004884                . = ALIGN (0x4)
                0x08004884                __exidx_start = .
 *(.ARM.exidx*)
 .ARM.exidx     0x08004884        0x8 c:/progra~2/gnuarm~1/102021~1.10/bin/../lib/gcc/arm-none-eabi/10.3.1/thumb/v7e-m/nofp\libgcc.a(_udivmoddi4.o)
                0x0800488c                __exidx_end = .
                0x0800488c                . = ALIGN (0x4)

.rel.dyn        0x0800488c        0x0
 .rel.iplt      0x0800488c        0x0 c:/progra~2/gnuarm~1/102021~1.10/bin/../lib/gcc/arm-none-eabi/10.3.1/thumb/v7e-m/nofp/crtbegin.o

.preinit_array  0x0800488c        0x0
                0x0800488c                . = ALIGN (0x4)
                0x0800488c                PROVIDE (__preinit_array_start = .)
 *(.preinit_array*)
                0x0800488c                PROVIDE (__preinit_array_end = .)
                0x0800488c                . = ALIGN (0x4)

.init_array     0x0800488c        0x8
                0x0800488c                . = ALIGN (0x4)
                0x0800488c                PROVIDE (__init_array_start = .)
 *(SORT_BY_NAME(.init_array.*))
 .init_array.00000
                0x0800488c        0x4 c:/progra~2/gnuarm~1/102021~1.10/bin/../lib/gcc/arm-none-eabi/10.3.1/../../../../arm-none-eabi/lib/thumb/v7e-m/nofp\libg.a(lib_a-__call_atexit.o)
 *(.init_array*)
 .init_array    0x08004890        0x4 c:/progra~2/gnuarm~1/102021~1.10/bin/../lib/gcc/arm-none-eabi/10.3.1/thumb/v7e-m/nofp/crtbegin.o
                0x08004894                PROVIDE (__init_array_end = .)
                0x08004894                . = ALIGN (0x4)

.fini_array     0x08004894        0x4
                0x08004894                . = ALIGN (0x4)
                0x08004894                PROVIDE (__fini_array_start = .)
 *(SORT_BY_NAME(.fini_array.*))
 *(.fini_array*)
 .fini_array    0x08004894        0x4 c:/progra~2/gnuarm~1/102021~1.10/bin/../lib/gcc/arm-none-eabi/10.3.1/thumb/v7e-m/nofp/crtbegin.o
                0x08004898                PROVIDE (__fini_array_end = .)
                0x08004898                . = ALIGN (0x4)
                0x08004898                _sidata = LOADADDR (.data)

.data           0x20000000      0x524 load address 0x08004898
                0x20000000                . = ALIGN (0x4)
                0x20000000                _sdata = .
 *(.data)
 *(.data*)
 .data.SystemCoreClock
                0x20000000        0x4 CMakeFiles/motor.elf.dir/Core/Src/system_stm32f4xx.c.obj
                0x20000000                SystemCoreClock
 .data.uwTickFreq
                0x20000004        0x1 CMakeFiles/motor.elf.dir/Drivers/STM32F4xx_HAL_Driver/Src/stm32f4xx_hal.c.obj
                0x20000004                uwTickFreq
 *fill*         0x20000005        0x3 
 .data.uwTickPrio
                0x20000008        0x4 CMakeFiles/motor.elf.dir/Drivers/STM32F4xx_HAL_Driver/Src/stm32f4xx_hal.c.obj
                0x20000008                uwTickPrio
 .data.USBD_CDC
                0x2000000c       0x38 CMakeFiles/motor.elf.dir/Middlewares/ST/STM32_USB_Device_Library/Class/CDC/Src/usbd_cdc.c.obj
                0x2000000c                USBD_CDC
 .data.USBD_CDC_CfgDesc
                0x20000044       0x43 CMakeFiles/motor.elf.dir/Middlewares/ST/STM32_USB_Device_Library/Class/CDC/Src/usbd_cdc.c.obj
 *fill*         0x20000087        0x1 
 .data.USBD_CDC_DeviceQualifierDesc
                0x20000088        0xa CMakeFiles/motor.elf.dir/Middlewares/ST/STM32_USB_Device_Library/Class/CDC/Src/usbd_cdc.c.obj
 *fill*         0x20000092        0x2 
 .data.USBD_Interface_fops_FS
                0x20000094       0x14 CMakeFiles/motor.elf.dir/USB_DEVICE/App/usbd_cdc_if.c.obj
                0x20000094                USBD_Interface_fops_FS
 .data.FS_Desc  0x200000a8       0x1c CMakeFiles/motor.elf.dir/USB_DEVICE/App/usbd_desc.c.obj
                0x200000a8                FS_Desc
 .data.USBD_FS_DeviceDesc
                0x200000c4       0x12 CMakeFiles/motor.elf.dir/USB_DEVICE/App/usbd_desc.c.obj
                0x200000c4                USBD_FS_DeviceDesc
 *fill*         0x200000d6        0x2 
 .data.USBD_LangIDDesc
                0x200000d8        0x4 CMakeFiles/motor.elf.dir/USB_DEVICE/App/usbd_desc.c.obj
                0x200000d8                USBD_LangIDDesc
 .data.USBD_StringSerial
                0x200000dc       0x1a CMakeFiles/motor.elf.dir/USB_DEVICE/App/usbd_desc.c.obj
                0x200000dc                USBD_StringSerial
 *fill*         0x200000f6        0x2 
 .data.impure_data
                0x200000f8      0x428 c:/progra~2/gnuarm~1/102021~1.10/bin/../lib/gcc/arm-none-eabi/10.3.1/../../../../arm-none-eabi/lib/thumb/v7e-m/nofp\libg.a(lib_a-impure.o)
 .data.__atexit_recursive_mutex
                0x20000520        0x4 c:/progra~2/gnuarm~1/102021~1.10/bin/../lib/gcc/arm-none-eabi/10.3.1/../../../../arm-none-eabi/lib/thumb/v7e-m/nofp\libg.a(lib_a-__call_atexit.o)
                0x20000520                __atexit_recursive_mutex
 *(.RamFunc)
 *(.RamFunc*)
                0x20000524                . = ALIGN (0x4)
                0x20000524                _edata = .
                0x08004dbc                _siccmram = LOADADDR (.ccmram)

.igot.plt       0x20000524        0x0 load address 0x08004dbc
 .igot.plt      0x20000524        0x0 c:/progra~2/gnuarm~1/102021~1.10/bin/../lib/gcc/arm-none-eabi/10.3.1/thumb/v7e-m/nofp/crtbegin.o

.ccmram         0x10000000        0x0 load address 0x08004dbc
                0x10000000                . = ALIGN (0x4)
                0x10000000                _sccmram = .
 *(.ccmram)
 *(.ccmram*)
                0x10000000                . = ALIGN (0x4)
                0x10000000                _eccmram = .
                0x10000000                . = ALIGN (0x4)

.bss            0x20000524     0x1c54
                0x20000524                _sbss = .
                0x20000524                __bss_start__ = _sbss
 *(.bss)
 .bss           0x20000524       0x1c c:/progra~2/gnuarm~1/102021~1.10/bin/../lib/gcc/arm-none-eabi/10.3.1/thumb/v7e-m/nofp/crtbegin.o
 *(.bss*)
 .bss.htim3     0x20000540       0x48 CMakeFiles/motor.elf.dir/Core/Src/tim.c.obj
                0x20000540                htim3
 .bss.uwTick    0x20000588        0x4 CMakeFiles/motor.elf.dir/Drivers/STM32F4xx_HAL_Driver/Src/stm32f4xx_hal.c.obj
                0x20000588                uwTick
 .bss.cfgidx.0  0x2000058c        0x1 CMakeFiles/motor.elf.dir/Middlewares/ST/STM32_USB_Device_Library/Core/Src/usbd_ctlreq.c.obj
 *fill*         0x2000058d        0x3 
 .bss.hUsbDeviceFS
                0x20000590      0x2dc CMakeFiles/motor.elf.dir/USB_DEVICE/App/usb_device.c.obj
                0x20000590                hUsbDeviceFS
 .bss.UserRxBufferFS
                0x2000086c      0x800 CMakeFiles/motor.elf.dir/USB_DEVICE/App/usbd_cdc_if.c.obj
                0x2000086c                UserRxBufferFS
 .bss.UserTxBufferFS
                0x2000106c      0x800 CMakeFiles/motor.elf.dir/USB_DEVICE/App/usbd_cdc_if.c.obj
                0x2000106c                UserTxBufferFS
 .bss.p_TempBuf
                0x2000186c        0x4 CMakeFiles/motor.elf.dir/USB_DEVICE/App/usbd_cdc_if.c.obj
                0x2000186c                p_TempBuf
 .bss.USBD_StrDesc
                0x20001870      0x200 CMakeFiles/motor.elf.dir/USB_DEVICE/App/usbd_desc.c.obj
                0x20001870                USBD_StrDesc
 .bss.hpcd_USB_OTG_FS
                0x20001a70      0x4e4 CMakeFiles/motor.elf.dir/USB_DEVICE/Target/usbd_conf.c.obj
                0x20001a70                hpcd_USB_OTG_FS
 .bss.mem.0     0x20001f54      0x220 CMakeFiles/motor.elf.dir/USB_DEVICE/Target/usbd_conf.c.obj
 .bss.__lock___atexit_recursive_mutex
                0x20002174        0x1 c:/progra~2/gnuarm~1/102021~1.10/bin/../lib/gcc/arm-none-eabi/10.3.1/../../../../arm-none-eabi/lib/thumb/v7e-m/nofp\libg.a(lib_a-lock.o)
                0x20002174                __lock___atexit_recursive_mutex
 *(COMMON)
                0x20002178                . = ALIGN (0x4)
 *fill*         0x20002175        0x3 
                0x20002178                _ebss = .
                0x20002178                __bss_end__ = _ebss

._user_heap_stack
                0x20002178      0x600
                0x20002178                . = ALIGN (0x8)
                [!provide]                PROVIDE (end = .)
                0x20002178                PROVIDE (_end = .)
                0x20002378                . = (. + _Min_Heap_Size)
 *fill*         0x20002178      0x200 
                0x20002778                . = (. + _Min_Stack_Size)
 *fill*         0x20002378      0x400 
                0x20002778                . = ALIGN (0x8)

/DISCARD/
 libc.a(*)
 libm.a(*)
 libgcc.a(*)

.ARM.attributes
                0x00000000       0x2a
 *(.ARM.attributes)
 .ARM.attributes
                0x00000000       0x1e c:/progra~2/gnuarm~1/102021~1.10/bin/../lib/gcc/arm-none-eabi/10.3.1/thumb/v7e-m/nofp/crti.o
 .ARM.attributes
                0x0000001e       0x2e c:/progra~2/gnuarm~1/102021~1.10/bin/../lib/gcc/arm-none-eabi/10.3.1/thumb/v7e-m/nofp/crtbegin.o
 .ARM.attributes
                0x0000004c       0x2e CMakeFiles/motor.elf.dir/Core/Src/gpio.c.obj
 .ARM.attributes
                0x0000007a       0x2e CMakeFiles/motor.elf.dir/Core/Src/main.c.obj
 .ARM.attributes
                0x000000a8       0x2e CMakeFiles/motor.elf.dir/Core/Src/stm32f4xx_hal_msp.c.obj
 .ARM.attributes
                0x000000d6       0x2e CMakeFiles/motor.elf.dir/Core/Src/stm32f4xx_it.c.obj
 .ARM.attributes
                0x00000104       0x2e CMakeFiles/motor.elf.dir/Core/Src/system_stm32f4xx.c.obj
 .ARM.attributes
                0x00000132       0x2e CMakeFiles/motor.elf.dir/Core/Src/tim.c.obj
 .ARM.attributes
                0x00000160       0x21 CMakeFiles/motor.elf.dir/Core/Startup/startup_stm32f405rgtx.s.obj
 .ARM.attributes
                0x00000181       0x2e CMakeFiles/motor.elf.dir/Drivers/STM32F4xx_HAL_Driver/Src/stm32f4xx_hal.c.obj
 .ARM.attributes
                0x000001af       0x2e CMakeFiles/motor.elf.dir/Drivers/STM32F4xx_HAL_Driver/Src/stm32f4xx_hal_cortex.c.obj
 .ARM.attributes
                0x000001dd       0x2e CMakeFiles/motor.elf.dir/Drivers/STM32F4xx_HAL_Driver/Src/stm32f4xx_hal_gpio.c.obj
 .ARM.attributes
                0x0000020b       0x2e CMakeFiles/motor.elf.dir/Drivers/STM32F4xx_HAL_Driver/Src/stm32f4xx_hal_pcd.c.obj
 .ARM.attributes
                0x00000239       0x2e CMakeFiles/motor.elf.dir/Drivers/STM32F4xx_HAL_Driver/Src/stm32f4xx_hal_pcd_ex.c.obj
 .ARM.attributes
                0x00000267       0x2e CMakeFiles/motor.elf.dir/Drivers/STM32F4xx_HAL_Driver/Src/stm32f4xx_hal_rcc.c.obj
 .ARM.attributes
                0x00000295       0x2e CMakeFiles/motor.elf.dir/Drivers/STM32F4xx_HAL_Driver/Src/stm32f4xx_hal_tim.c.obj
 .ARM.attributes
                0x000002c3       0x2e CMakeFiles/motor.elf.dir/Drivers/STM32F4xx_HAL_Driver/Src/stm32f4xx_hal_tim_ex.c.obj
 .ARM.attributes
                0x000002f1       0x2e CMakeFiles/motor.elf.dir/Drivers/STM32F4xx_HAL_Driver/Src/stm32f4xx_ll_usb.c.obj
 .ARM.attributes
                0x0000031f       0x2e CMakeFiles/motor.elf.dir/Middlewares/ST/STM32_USB_Device_Library/Class/CDC/Src/usbd_cdc.c.obj
 .ARM.attributes
                0x0000034d       0x2e CMakeFiles/motor.elf.dir/Middlewares/ST/STM32_USB_Device_Library/Core/Src/usbd_core.c.obj
 .ARM.attributes
                0x0000037b       0x2e CMakeFiles/motor.elf.dir/Middlewares/ST/STM32_USB_Device_Library/Core/Src/usbd_ctlreq.c.obj
 .ARM.attributes
                0x000003a9       0x2e CMakeFiles/motor.elf.dir/Middlewares/ST/STM32_USB_Device_Library/Core/Src/usbd_ioreq.c.obj
 .ARM.attributes
                0x000003d7       0x2e CMakeFiles/motor.elf.dir/USB_DEVICE/App/usb_device.c.obj
 .ARM.attributes
                0x00000405       0x2e CMakeFiles/motor.elf.dir/USB_DEVICE/App/usbd_cdc_if.c.obj
 .ARM.attributes
                0x00000433       0x2e CMakeFiles/motor.elf.dir/USB_DEVICE/App/usbd_desc.c.obj
 .ARM.attributes
                0x00000461       0x2e CMakeFiles/motor.elf.dir/USB_DEVICE/Target/usbd_conf.c.obj
 .ARM.attributes
                0x0000048f       0x1e c:/progra~2/gnuarm~1/102021~1.10/bin/../lib/gcc/arm-none-eabi/10.3.1/thumb/v7e-m/nofp\libgcc.a(_aeabi_uldivmod.o)
 .ARM.attributes
                0x000004ad       0x2e c:/progra~2/gnuarm~1/102021~1.10/bin/../lib/gcc/arm-none-eabi/10.3.1/thumb/v7e-m/nofp\libgcc.a(_udivmoddi4.o)
 .ARM.attributes
                0x000004db       0x1e c:/progra~2/gnuarm~1/102021~1.10/bin/../lib/gcc/arm-none-eabi/10.3.1/thumb/v7e-m/nofp\libgcc.a(_dvmd_tls.o)
 .ARM.attributes
                0x000004f9       0x2e c:/progra~2/gnuarm~1/102021~1.10/bin/../lib/gcc/arm-none-eabi/10.3.1/../../../../arm-none-eabi/lib/thumb/v7e-m/nofp\libg.a(lib_a-impure.o)
 .ARM.attributes
                0x00000527       0x2e c:/progra~2/gnuarm~1/102021~1.10/bin/../lib/gcc/arm-none-eabi/10.3.1/../../../../arm-none-eabi/lib/thumb/v7e-m/nofp\libg.a(lib_a-init.o)
 .ARM.attributes
                0x00000555       0x2e c:/progra~2/gnuarm~1/102021~1.10/bin/../lib/gcc/arm-none-eabi/10.3.1/../../../../arm-none-eabi/lib/thumb/v7e-m/nofp\libg.a(lib_a-memset.o)
 .ARM.attributes
                0x00000583       0x2e c:/progra~2/gnuarm~1/102021~1.10/bin/../lib/gcc/arm-none-eabi/10.3.1/../../../../arm-none-eabi/lib/thumb/v7e-m/nofp\libg.a(lib_a-__call_atexit.o)
 .ARM.attributes
                0x000005b1       0x2e c:/progra~2/gnuarm~1/102021~1.10/bin/../lib/gcc/arm-none-eabi/10.3.1/../../../../arm-none-eabi/lib/thumb/v7e-m/nofp\libg.a(lib_a-atexit.o)
 .ARM.attributes
                0x000005df       0x2e c:/progra~2/gnuarm~1/102021~1.10/bin/../lib/gcc/arm-none-eabi/10.3.1/../../../../arm-none-eabi/lib/thumb/v7e-m/nofp\libg.a(lib_a-fini.o)
 .ARM.attributes
                0x0000060d       0x2e c:/progra~2/gnuarm~1/102021~1.10/bin/../lib/gcc/arm-none-eabi/10.3.1/../../../../arm-none-eabi/lib/thumb/v7e-m/nofp\libg.a(lib_a-lock.o)
 .ARM.attributes
                0x0000063b       0x2e c:/progra~2/gnuarm~1/102021~1.10/bin/../lib/gcc/arm-none-eabi/10.3.1/../../../../arm-none-eabi/lib/thumb/v7e-m/nofp\libg.a(lib_a-__atexit.o)
 .ARM.attributes
                0x00000669       0x1e c:/progra~2/gnuarm~1/102021~1.10/bin/../lib/gcc/arm-none-eabi/10.3.1/thumb/v7e-m/nofp/crtn.o
OUTPUT(motor.elf elf32-littlearm)
LOAD linker stubs
LOAD c:/progra~2/gnuarm~1/102021~1.10/bin/../lib/gcc/arm-none-eabi/10.3.1/../../../../arm-none-eabi/lib/thumb/v7e-m/nofp\libc.a
LOAD c:/progra~2/gnuarm~1/102021~1.10/bin/../lib/gcc/arm-none-eabi/10.3.1/../../../../arm-none-eabi/lib/thumb/v7e-m/nofp\libm.a
LOAD c:/progra~2/gnuarm~1/102021~1.10/bin/../lib/gcc/arm-none-eabi/10.3.1/thumb/v7e-m/nofp\libgcc.a

.debug_info     0x00000000    0x16e61
 .debug_info    0x00000000      0x2c1 CMakeFiles/motor.elf.dir/Core/Src/gpio.c.obj
 .debug_info    0x000002c1      0xbc0 CMakeFiles/motor.elf.dir/Core/Src/main.c.obj
 .debug_info    0x00000e81      0x2a4 CMakeFiles/motor.elf.dir/Core/Src/stm32f4xx_hal_msp.c.obj
 .debug_info    0x00001125      0x678 CMakeFiles/motor.elf.dir/Core/Src/stm32f4xx_it.c.obj
 .debug_info    0x0000179d      0x37d CMakeFiles/motor.elf.dir/Core/Src/system_stm32f4xx.c.obj
 .debug_info    0x00001b1a      0xcbe CMakeFiles/motor.elf.dir/Core/Src/tim.c.obj
 .debug_info    0x000027d8       0x22 CMakeFiles/motor.elf.dir/Core/Startup/startup_stm32f405rgtx.s.obj
 .debug_info    0x000027fa      0x9de CMakeFiles/motor.elf.dir/Drivers/STM32F4xx_HAL_Driver/Src/stm32f4xx_hal.c.obj
 .debug_info    0x000031d8     0x1099 CMakeFiles/motor.elf.dir/Drivers/STM32F4xx_HAL_Driver/Src/stm32f4xx_hal_cortex.c.obj
 .debug_info    0x00004271      0x7b0 CMakeFiles/motor.elf.dir/Drivers/STM32F4xx_HAL_Driver/Src/stm32f4xx_hal_gpio.c.obj
 .debug_info    0x00004a21     0x1b5c CMakeFiles/motor.elf.dir/Drivers/STM32F4xx_HAL_Driver/Src/stm32f4xx_hal_pcd.c.obj
 .debug_info    0x0000657d      0x73e CMakeFiles/motor.elf.dir/Drivers/STM32F4xx_HAL_Driver/Src/stm32f4xx_hal_pcd_ex.c.obj
 .debug_info    0x00006cbb      0xb03 CMakeFiles/motor.elf.dir/Drivers/STM32F4xx_HAL_Driver/Src/stm32f4xx_hal_rcc.c.obj
 .debug_info    0x000077be     0x3dc6 CMakeFiles/motor.elf.dir/Drivers/STM32F4xx_HAL_Driver/Src/stm32f4xx_hal_tim.c.obj
 .debug_info    0x0000b584     0x1b03 CMakeFiles/motor.elf.dir/Drivers/STM32F4xx_HAL_Driver/Src/stm32f4xx_hal_tim_ex.c.obj
 .debug_info    0x0000d087     0x203f CMakeFiles/motor.elf.dir/Drivers/STM32F4xx_HAL_Driver/Src/stm32f4xx_ll_usb.c.obj
 .debug_info    0x0000f0c6     0x16f2 CMakeFiles/motor.elf.dir/Middlewares/ST/STM32_USB_Device_Library/Class/CDC/Src/usbd_cdc.c.obj
 .debug_info    0x000107b8     0x1223 CMakeFiles/motor.elf.dir/Middlewares/ST/STM32_USB_Device_Library/Core/Src/usbd_core.c.obj
 .debug_info    0x000119db     0x13f9 CMakeFiles/motor.elf.dir/Middlewares/ST/STM32_USB_Device_Library/Core/Src/usbd_ctlreq.c.obj
 .debug_info    0x00012dd4      0x8ca CMakeFiles/motor.elf.dir/Middlewares/ST/STM32_USB_Device_Library/Core/Src/usbd_ioreq.c.obj
 .debug_info    0x0001369e      0x79f CMakeFiles/motor.elf.dir/USB_DEVICE/App/usb_device.c.obj
 .debug_info    0x00013e3d      0xae9 CMakeFiles/motor.elf.dir/USB_DEVICE/App/usbd_cdc_if.c.obj
 .debug_info    0x00014926      0x5ff CMakeFiles/motor.elf.dir/USB_DEVICE/App/usbd_desc.c.obj
 .debug_info    0x00014f25     0x1f3c CMakeFiles/motor.elf.dir/USB_DEVICE/Target/usbd_conf.c.obj

.debug_abbrev   0x00000000     0x319b
 .debug_abbrev  0x00000000       0xd1 CMakeFiles/motor.elf.dir/Core/Src/gpio.c.obj
 .debug_abbrev  0x000000d1      0x219 CMakeFiles/motor.elf.dir/Core/Src/main.c.obj
 .debug_abbrev  0x000002ea       0xd1 CMakeFiles/motor.elf.dir/Core/Src/stm32f4xx_hal_msp.c.obj
 .debug_abbrev  0x000003bb      0x19a CMakeFiles/motor.elf.dir/Core/Src/stm32f4xx_it.c.obj
 .debug_abbrev  0x00000555      0x119 CMakeFiles/motor.elf.dir/Core/Src/system_stm32f4xx.c.obj
 .debug_abbrev  0x0000066e      0x200 CMakeFiles/motor.elf.dir/Core/Src/tim.c.obj
 .debug_abbrev  0x0000086e       0x12 CMakeFiles/motor.elf.dir/Core/Startup/startup_stm32f405rgtx.s.obj
 .debug_abbrev  0x00000880      0x206 CMakeFiles/motor.elf.dir/Drivers/STM32F4xx_HAL_Driver/Src/stm32f4xx_hal.c.obj
 .debug_abbrev  0x00000a86      0x36a CMakeFiles/motor.elf.dir/Drivers/STM32F4xx_HAL_Driver/Src/stm32f4xx_hal_cortex.c.obj
 .debug_abbrev  0x00000df0      0x1ef CMakeFiles/motor.elf.dir/Drivers/STM32F4xx_HAL_Driver/Src/stm32f4xx_hal_gpio.c.obj
 .debug_abbrev  0x00000fdf      0x2bc CMakeFiles/motor.elf.dir/Drivers/STM32F4xx_HAL_Driver/Src/stm32f4xx_hal_pcd.c.obj
 .debug_abbrev  0x0000129b      0x1e5 CMakeFiles/motor.elf.dir/Drivers/STM32F4xx_HAL_Driver/Src/stm32f4xx_hal_pcd_ex.c.obj
 .debug_abbrev  0x00001480      0x28a CMakeFiles/motor.elf.dir/Drivers/STM32F4xx_HAL_Driver/Src/stm32f4xx_hal_rcc.c.obj
 .debug_abbrev  0x0000170a      0x232 CMakeFiles/motor.elf.dir/Drivers/STM32F4xx_HAL_Driver/Src/stm32f4xx_hal_tim.c.obj
 .debug_abbrev  0x0000193c      0x248 CMakeFiles/motor.elf.dir/Drivers/STM32F4xx_HAL_Driver/Src/stm32f4xx_hal_tim_ex.c.obj
 .debug_abbrev  0x00001b84      0x2d2 CMakeFiles/motor.elf.dir/Drivers/STM32F4xx_HAL_Driver/Src/stm32f4xx_ll_usb.c.obj
 .debug_abbrev  0x00001e56      0x317 CMakeFiles/motor.elf.dir/Middlewares/ST/STM32_USB_Device_Library/Class/CDC/Src/usbd_cdc.c.obj
 .debug_abbrev  0x0000216d      0x2a8 CMakeFiles/motor.elf.dir/Middlewares/ST/STM32_USB_Device_Library/Core/Src/usbd_core.c.obj
 .debug_abbrev  0x00002415      0x32e CMakeFiles/motor.elf.dir/Middlewares/ST/STM32_USB_Device_Library/Core/Src/usbd_ctlreq.c.obj
 .debug_abbrev  0x00002743      0x184 CMakeFiles/motor.elf.dir/Middlewares/ST/STM32_USB_Device_Library/Core/Src/usbd_ioreq.c.obj
 .debug_abbrev  0x000028c7      0x196 CMakeFiles/motor.elf.dir/USB_DEVICE/App/usb_device.c.obj
 .debug_abbrev  0x00002a5d      0x2a2 CMakeFiles/motor.elf.dir/USB_DEVICE/App/usbd_cdc_if.c.obj
 .debug_abbrev  0x00002cff      0x1ca CMakeFiles/motor.elf.dir/USB_DEVICE/App/usbd_desc.c.obj
 .debug_abbrev  0x00002ec9      0x2d2 CMakeFiles/motor.elf.dir/USB_DEVICE/Target/usbd_conf.c.obj

.debug_aranges  0x00000000     0x1050
 .debug_aranges
                0x00000000       0x20 CMakeFiles/motor.elf.dir/Core/Src/gpio.c.obj
 .debug_aranges
                0x00000020       0x30 CMakeFiles/motor.elf.dir/Core/Src/main.c.obj
 .debug_aranges
                0x00000050       0x20 CMakeFiles/motor.elf.dir/Core/Src/stm32f4xx_hal_msp.c.obj
 .debug_aranges
                0x00000070       0x68 CMakeFiles/motor.elf.dir/Core/Src/stm32f4xx_it.c.obj
 .debug_aranges
                0x000000d8       0x28 CMakeFiles/motor.elf.dir/Core/Src/system_stm32f4xx.c.obj
 .debug_aranges
                0x00000100       0x38 CMakeFiles/motor.elf.dir/Core/Src/tim.c.obj
 .debug_aranges
                0x00000138       0x28 CMakeFiles/motor.elf.dir/Core/Startup/startup_stm32f405rgtx.s.obj
 .debug_aranges
                0x00000160       0xf0 CMakeFiles/motor.elf.dir/Drivers/STM32F4xx_HAL_Driver/Src/stm32f4xx_hal.c.obj
 .debug_aranges
                0x00000250       0xb0 CMakeFiles/motor.elf.dir/Drivers/STM32F4xx_HAL_Driver/Src/stm32f4xx_hal_cortex.c.obj
 .debug_aranges
                0x00000300       0x58 CMakeFiles/motor.elf.dir/Drivers/STM32F4xx_HAL_Driver/Src/stm32f4xx_hal_gpio.c.obj
 .debug_aranges
                0x00000358      0x148 CMakeFiles/motor.elf.dir/Drivers/STM32F4xx_HAL_Driver/Src/stm32f4xx_hal_pcd.c.obj
 .debug_aranges
                0x000004a0       0x38 CMakeFiles/motor.elf.dir/Drivers/STM32F4xx_HAL_Driver/Src/stm32f4xx_hal_pcd_ex.c.obj
 .debug_aranges
                0x000004d8       0x88 CMakeFiles/motor.elf.dir/Drivers/STM32F4xx_HAL_Driver/Src/stm32f4xx_hal_rcc.c.obj
 .debug_aranges
                0x00000560      0x3d0 CMakeFiles/motor.elf.dir/Drivers/STM32F4xx_HAL_Driver/Src/stm32f4xx_hal_tim.c.obj
 .debug_aranges
                0x00000930      0x168 CMakeFiles/motor.elf.dir/Drivers/STM32F4xx_HAL_Driver/Src/stm32f4xx_hal_tim_ex.c.obj
 .debug_aranges
                0x00000a98      0x1a0 CMakeFiles/motor.elf.dir/Drivers/STM32F4xx_HAL_Driver/Src/stm32f4xx_ll_usb.c.obj
 .debug_aranges
                0x00000c38       0x90 CMakeFiles/motor.elf.dir/Middlewares/ST/STM32_USB_Device_Library/Class/CDC/Src/usbd_cdc.c.obj
 .debug_aranges
                0x00000cc8       0xd8 CMakeFiles/motor.elf.dir/Middlewares/ST/STM32_USB_Device_Library/Core/Src/usbd_core.c.obj
 .debug_aranges
                0x00000da0       0x88 CMakeFiles/motor.elf.dir/Middlewares/ST/STM32_USB_Device_Library/Core/Src/usbd_ctlreq.c.obj
 .debug_aranges
                0x00000e28       0x50 CMakeFiles/motor.elf.dir/Middlewares/ST/STM32_USB_Device_Library/Core/Src/usbd_ioreq.c.obj
 .debug_aranges
                0x00000e78       0x20 CMakeFiles/motor.elf.dir/USB_DEVICE/App/usb_device.c.obj
 .debug_aranges
                0x00000e98       0x48 CMakeFiles/motor.elf.dir/USB_DEVICE/App/usbd_cdc_if.c.obj
 .debug_aranges
                0x00000ee0       0x60 CMakeFiles/motor.elf.dir/USB_DEVICE/App/usbd_desc.c.obj
 .debug_aranges
                0x00000f40      0x110 CMakeFiles/motor.elf.dir/USB_DEVICE/Target/usbd_conf.c.obj

.debug_ranges   0x00000000      0xf50
 .debug_ranges  0x00000000       0x10 CMakeFiles/motor.elf.dir/Core/Src/gpio.c.obj
 .debug_ranges  0x00000010       0x20 CMakeFiles/motor.elf.dir/Core/Src/main.c.obj
 .debug_ranges  0x00000030       0x10 CMakeFiles/motor.elf.dir/Core/Src/stm32f4xx_hal_msp.c.obj
 .debug_ranges  0x00000040       0x58 CMakeFiles/motor.elf.dir/Core/Src/stm32f4xx_it.c.obj
 .debug_ranges  0x00000098       0x18 CMakeFiles/motor.elf.dir/Core/Src/system_stm32f4xx.c.obj
 .debug_ranges  0x000000b0       0x28 CMakeFiles/motor.elf.dir/Core/Src/tim.c.obj
 .debug_ranges  0x000000d8       0x20 CMakeFiles/motor.elf.dir/Core/Startup/startup_stm32f405rgtx.s.obj
 .debug_ranges  0x000000f8       0xe0 CMakeFiles/motor.elf.dir/Drivers/STM32F4xx_HAL_Driver/Src/stm32f4xx_hal.c.obj
 .debug_ranges  0x000001d8      0x100 CMakeFiles/motor.elf.dir/Drivers/STM32F4xx_HAL_Driver/Src/stm32f4xx_hal_cortex.c.obj
 .debug_ranges  0x000002d8       0x48 CMakeFiles/motor.elf.dir/Drivers/STM32F4xx_HAL_Driver/Src/stm32f4xx_hal_gpio.c.obj
 .debug_ranges  0x00000320      0x138 CMakeFiles/motor.elf.dir/Drivers/STM32F4xx_HAL_Driver/Src/stm32f4xx_hal_pcd.c.obj
 .debug_ranges  0x00000458       0x28 CMakeFiles/motor.elf.dir/Drivers/STM32F4xx_HAL_Driver/Src/stm32f4xx_hal_pcd_ex.c.obj
 .debug_ranges  0x00000480       0x90 CMakeFiles/motor.elf.dir/Drivers/STM32F4xx_HAL_Driver/Src/stm32f4xx_hal_rcc.c.obj
 .debug_ranges  0x00000510      0x3c0 CMakeFiles/motor.elf.dir/Drivers/STM32F4xx_HAL_Driver/Src/stm32f4xx_hal_tim.c.obj
 .debug_ranges  0x000008d0      0x158 CMakeFiles/motor.elf.dir/Drivers/STM32F4xx_HAL_Driver/Src/stm32f4xx_hal_tim_ex.c.obj
 .debug_ranges  0x00000a28      0x190 CMakeFiles/motor.elf.dir/Drivers/STM32F4xx_HAL_Driver/Src/stm32f4xx_ll_usb.c.obj
 .debug_ranges  0x00000bb8       0x80 CMakeFiles/motor.elf.dir/Middlewares/ST/STM32_USB_Device_Library/Class/CDC/Src/usbd_cdc.c.obj
 .debug_ranges  0x00000c38       0xc8 CMakeFiles/motor.elf.dir/Middlewares/ST/STM32_USB_Device_Library/Core/Src/usbd_core.c.obj
 .debug_ranges  0x00000d00       0x78 CMakeFiles/motor.elf.dir/Middlewares/ST/STM32_USB_Device_Library/Core/Src/usbd_ctlreq.c.obj
 .debug_ranges  0x00000d78       0x40 CMakeFiles/motor.elf.dir/Middlewares/ST/STM32_USB_Device_Library/Core/Src/usbd_ioreq.c.obj
 .debug_ranges  0x00000db8       0x10 CMakeFiles/motor.elf.dir/USB_DEVICE/App/usb_device.c.obj
 .debug_ranges  0x00000dc8       0x38 CMakeFiles/motor.elf.dir/USB_DEVICE/App/usbd_cdc_if.c.obj
 .debug_ranges  0x00000e00       0x50 CMakeFiles/motor.elf.dir/USB_DEVICE/App/usbd_desc.c.obj
 .debug_ranges  0x00000e50      0x100 CMakeFiles/motor.elf.dir/USB_DEVICE/Target/usbd_conf.c.obj

.debug_line     0x00000000    0x1049d
 .debug_line    0x00000000      0x161 CMakeFiles/motor.elf.dir/Core/Src/gpio.c.obj
 .debug_line    0x00000161      0x3e4 CMakeFiles/motor.elf.dir/Core/Src/main.c.obj
 .debug_line    0x00000545      0x169 CMakeFiles/motor.elf.dir/Core/Src/stm32f4xx_hal_msp.c.obj
 .debug_line    0x000006ae      0x2f7 CMakeFiles/motor.elf.dir/Core/Src/stm32f4xx_it.c.obj
 .debug_line    0x000009a5      0x231 CMakeFiles/motor.elf.dir/Core/Src/system_stm32f4xx.c.obj
 .debug_line    0x00000bd6      0x3a2 CMakeFiles/motor.elf.dir/Core/Src/tim.c.obj
 .debug_line    0x00000f78       0x9e CMakeFiles/motor.elf.dir/Core/Startup/startup_stm32f405rgtx.s.obj
 .debug_line    0x00001016      0x5a5 CMakeFiles/motor.elf.dir/Drivers/STM32F4xx_HAL_Driver/Src/stm32f4xx_hal.c.obj
 .debug_line    0x000015bb      0x7d1 CMakeFiles/motor.elf.dir/Drivers/STM32F4xx_HAL_Driver/Src/stm32f4xx_hal_cortex.c.obj
 .debug_line    0x00001d8c      0x708 CMakeFiles/motor.elf.dir/Drivers/STM32F4xx_HAL_Driver/Src/stm32f4xx_hal_gpio.c.obj
 .debug_line    0x00002494     0x1560 CMakeFiles/motor.elf.dir/Drivers/STM32F4xx_HAL_Driver/Src/stm32f4xx_hal_pcd.c.obj
 .debug_line    0x000039f4      0x2dc CMakeFiles/motor.elf.dir/Drivers/STM32F4xx_HAL_Driver/Src/stm32f4xx_hal_pcd_ex.c.obj
 .debug_line    0x00003cd0      0xb37 CMakeFiles/motor.elf.dir/Drivers/STM32F4xx_HAL_Driver/Src/stm32f4xx_hal_rcc.c.obj
 .debug_line    0x00004807     0x4b00 CMakeFiles/motor.elf.dir/Drivers/STM32F4xx_HAL_Driver/Src/stm32f4xx_hal_tim.c.obj
 .debug_line    0x00009307     0x1cd7 CMakeFiles/motor.elf.dir/Drivers/STM32F4xx_HAL_Driver/Src/stm32f4xx_hal_tim_ex.c.obj
 .debug_line    0x0000afde     0x1fa1 CMakeFiles/motor.elf.dir/Drivers/STM32F4xx_HAL_Driver/Src/stm32f4xx_ll_usb.c.obj
 .debug_line    0x0000cf7f      0xa6a CMakeFiles/motor.elf.dir/Middlewares/ST/STM32_USB_Device_Library/Class/CDC/Src/usbd_cdc.c.obj
 .debug_line    0x0000d9e9      0x9e1 CMakeFiles/motor.elf.dir/Middlewares/ST/STM32_USB_Device_Library/Core/Src/usbd_core.c.obj
 .debug_line    0x0000e3ca      0xd5b CMakeFiles/motor.elf.dir/Middlewares/ST/STM32_USB_Device_Library/Core/Src/usbd_ctlreq.c.obj
 .debug_line    0x0000f125      0x2b8 CMakeFiles/motor.elf.dir/Middlewares/ST/STM32_USB_Device_Library/Core/Src/usbd_ioreq.c.obj
 .debug_line    0x0000f3dd      0x24d CMakeFiles/motor.elf.dir/USB_DEVICE/App/usb_device.c.obj
 .debug_line    0x0000f62a      0x298 CMakeFiles/motor.elf.dir/USB_DEVICE/App/usbd_cdc_if.c.obj
 .debug_line    0x0000f8c2      0x36d CMakeFiles/motor.elf.dir/USB_DEVICE/App/usbd_desc.c.obj
 .debug_line    0x0000fc2f      0x86e CMakeFiles/motor.elf.dir/USB_DEVICE/Target/usbd_conf.c.obj

.debug_str      0x00000000     0x534a
 .debug_str     0x00000000      0x28b CMakeFiles/motor.elf.dir/Core/Src/gpio.c.obj
                                0x2cd (size before relaxing)
 .debug_str     0x0000028b      0x6ee CMakeFiles/motor.elf.dir/Core/Src/main.c.obj
                                0xa0c (size before relaxing)
 .debug_str     0x00000979       0x42 CMakeFiles/motor.elf.dir/Core/Src/stm32f4xx_hal_msp.c.obj
                                0x2d9 (size before relaxing)
 .debug_str     0x000009bb      0x46f CMakeFiles/motor.elf.dir/Core/Src/stm32f4xx_it.c.obj
                                0x680 (size before relaxing)
 .debug_str     0x00000e2a       0x9d CMakeFiles/motor.elf.dir/Core/Src/system_stm32f4xx.c.obj
                                0x33f (size before relaxing)
 .debug_str     0x00000ec7      0x270 CMakeFiles/motor.elf.dir/Core/Src/tim.c.obj
                                0xaa7 (size before relaxing)
 .debug_str     0x00001137       0x4c CMakeFiles/motor.elf.dir/Core/Startup/startup_stm32f405rgtx.s.obj
                                 0x77 (size before relaxing)
 .debug_str     0x00001183      0x84f CMakeFiles/motor.elf.dir/Drivers/STM32F4xx_HAL_Driver/Src/stm32f4xx_hal.c.obj
                                0xb57 (size before relaxing)
 .debug_str     0x000019d2      0x4ce CMakeFiles/motor.elf.dir/Drivers/STM32F4xx_HAL_Driver/Src/stm32f4xx_hal_cortex.c.obj
                                0xc40 (size before relaxing)
 .debug_str     0x00001ea0      0x17c CMakeFiles/motor.elf.dir/Drivers/STM32F4xx_HAL_Driver/Src/stm32f4xx_hal_gpio.c.obj
                                0x4fe (size before relaxing)
 .debug_str     0x0000201c      0x7f9 CMakeFiles/motor.elf.dir/Drivers/STM32F4xx_HAL_Driver/Src/stm32f4xx_hal_pcd.c.obj
                                0xdec (size before relaxing)
 .debug_str     0x00002815      0x166 CMakeFiles/motor.elf.dir/Drivers/STM32F4xx_HAL_Driver/Src/stm32f4xx_hal_pcd_ex.c.obj
                                0x761 (size before relaxing)
 .debug_str     0x0000297b      0x1a6 CMakeFiles/motor.elf.dir/Drivers/STM32F4xx_HAL_Driver/Src/stm32f4xx_hal_rcc.c.obj
                                0x724 (size before relaxing)
 .debug_str     0x00002b21      0xe07 CMakeFiles/motor.elf.dir/Drivers/STM32F4xx_HAL_Driver/Src/stm32f4xx_hal_tim.c.obj
                               0x16e7 (size before relaxing)
 .debug_str     0x00003928      0x53a CMakeFiles/motor.elf.dir/Drivers/STM32F4xx_HAL_Driver/Src/stm32f4xx_hal_tim_ex.c.obj
                                0xed8 (size before relaxing)
 .debug_str     0x00003e62      0x4f3 CMakeFiles/motor.elf.dir/Drivers/STM32F4xx_HAL_Driver/Src/stm32f4xx_ll_usb.c.obj
                                0xd4c (size before relaxing)
 .debug_str     0x00004355      0x741 CMakeFiles/motor.elf.dir/Middlewares/ST/STM32_USB_Device_Library/Class/CDC/Src/usbd_cdc.c.obj
                                0xdae (size before relaxing)
 .debug_str     0x00004a96      0x37e CMakeFiles/motor.elf.dir/Middlewares/ST/STM32_USB_Device_Library/Core/Src/usbd_core.c.obj
                                0x9f5 (size before relaxing)
 .debug_str     0x00004e14      0x14f CMakeFiles/motor.elf.dir/Middlewares/ST/STM32_USB_Device_Library/Core/Src/usbd_ctlreq.c.obj
                                0x820 (size before relaxing)
 .debug_str     0x00004f63       0x67 CMakeFiles/motor.elf.dir/Middlewares/ST/STM32_USB_Device_Library/Core/Src/usbd_ioreq.c.obj
                                0x6f5 (size before relaxing)
 .debug_str     0x00004fca       0x61 CMakeFiles/motor.elf.dir/USB_DEVICE/App/usb_device.c.obj
                                0x6d0 (size before relaxing)
 .debug_str     0x0000502b      0x110 CMakeFiles/motor.elf.dir/USB_DEVICE/App/usbd_cdc_if.c.obj
                                0x814 (size before relaxing)
 .debug_str     0x0000513b      0x186 CMakeFiles/motor.elf.dir/USB_DEVICE/App/usbd_desc.c.obj
                                0x47c (size before relaxing)
 .debug_str     0x000052c1       0x89 CMakeFiles/motor.elf.dir/USB_DEVICE/Target/usbd_conf.c.obj
                               0x15c7 (size before relaxing)

.comment        0x00000000       0x49
 .comment       0x00000000       0x49 CMakeFiles/motor.elf.dir/Core/Src/gpio.c.obj
                                 0x4a (size before relaxing)
 .comment       0x00000049       0x4a CMakeFiles/motor.elf.dir/Core/Src/main.c.obj
 .comment       0x00000049       0x4a CMakeFiles/motor.elf.dir/Core/Src/stm32f4xx_hal_msp.c.obj
 .comment       0x00000049       0x4a CMakeFiles/motor.elf.dir/Core/Src/stm32f4xx_it.c.obj
 .comment       0x00000049       0x4a CMakeFiles/motor.elf.dir/Core/Src/system_stm32f4xx.c.obj
 .comment       0x00000049       0x4a CMakeFiles/motor.elf.dir/Core/Src/tim.c.obj
 .comment       0x00000049       0x4a CMakeFiles/motor.elf.dir/Drivers/STM32F4xx_HAL_Driver/Src/stm32f4xx_hal.c.obj
 .comment       0x00000049       0x4a CMakeFiles/motor.elf.dir/Drivers/STM32F4xx_HAL_Driver/Src/stm32f4xx_hal_cortex.c.obj
 .comment       0x00000049       0x4a CMakeFiles/motor.elf.dir/Drivers/STM32F4xx_HAL_Driver/Src/stm32f4xx_hal_gpio.c.obj
 .comment       0x00000049       0x4a CMakeFiles/motor.elf.dir/Drivers/STM32F4xx_HAL_Driver/Src/stm32f4xx_hal_pcd.c.obj
 .comment       0x00000049       0x4a CMakeFiles/motor.elf.dir/Drivers/STM32F4xx_HAL_Driver/Src/stm32f4xx_hal_pcd_ex.c.obj
 .comment       0x00000049       0x4a CMakeFiles/motor.elf.dir/Drivers/STM32F4xx_HAL_Driver/Src/stm32f4xx_hal_rcc.c.obj
 .comment       0x00000049       0x4a CMakeFiles/motor.elf.dir/Drivers/STM32F4xx_HAL_Driver/Src/stm32f4xx_hal_tim.c.obj
 .comment       0x00000049       0x4a CMakeFiles/motor.elf.dir/Drivers/STM32F4xx_HAL_Driver/Src/stm32f4xx_hal_tim_ex.c.obj
 .comment       0x00000049       0x4a CMakeFiles/motor.elf.dir/Drivers/STM32F4xx_HAL_Driver/Src/stm32f4xx_ll_usb.c.obj
 .comment       0x00000049       0x4a CMakeFiles/motor.elf.dir/Middlewares/ST/STM32_USB_Device_Library/Class/CDC/Src/usbd_cdc.c.obj
 .comment       0x00000049       0x4a CMakeFiles/motor.elf.dir/Middlewares/ST/STM32_USB_Device_Library/Core/Src/usbd_core.c.obj
 .comment       0x00000049       0x4a CMakeFiles/motor.elf.dir/Middlewares/ST/STM32_USB_Device_Library/Core/Src/usbd_ctlreq.c.obj
 .comment       0x00000049       0x4a CMakeFiles/motor.elf.dir/Middlewares/ST/STM32_USB_Device_Library/Core/Src/usbd_ioreq.c.obj
 .comment       0x00000049       0x4a CMakeFiles/motor.elf.dir/USB_DEVICE/App/usb_device.c.obj
 .comment       0x00000049       0x4a CMakeFiles/motor.elf.dir/USB_DEVICE/App/usbd_cdc_if.c.obj
 .comment       0x00000049       0x4a CMakeFiles/motor.elf.dir/USB_DEVICE/App/usbd_desc.c.obj
 .comment       0x00000049       0x4a CMakeFiles/motor.elf.dir/USB_DEVICE/Target/usbd_conf.c.obj

.debug_frame    0x00000000     0x2c00
 .debug_frame   0x00000000       0x28 CMakeFiles/motor.elf.dir/Core/Src/gpio.c.obj
 .debug_frame   0x00000028       0x58 CMakeFiles/motor.elf.dir/Core/Src/main.c.obj
 .debug_frame   0x00000080       0x28 CMakeFiles/motor.elf.dir/Core/Src/stm32f4xx_hal_msp.c.obj
 .debug_frame   0x000000a8       0xc0 CMakeFiles/motor.elf.dir/Core/Src/stm32f4xx_it.c.obj
 .debug_frame   0x00000168       0x30 CMakeFiles/motor.elf.dir/Core/Src/system_stm32f4xx.c.obj
 .debug_frame   0x00000198       0x78 CMakeFiles/motor.elf.dir/Core/Src/tim.c.obj
 .debug_frame   0x00000210      0x1ec CMakeFiles/motor.elf.dir/Drivers/STM32F4xx_HAL_Driver/Src/stm32f4xx_hal.c.obj
 .debug_frame   0x000003fc      0x158 CMakeFiles/motor.elf.dir/Drivers/STM32F4xx_HAL_Driver/Src/stm32f4xx_hal_cortex.c.obj
 .debug_frame   0x00000554       0xd8 CMakeFiles/motor.elf.dir/Drivers/STM32F4xx_HAL_Driver/Src/stm32f4xx_hal_gpio.c.obj
 .debug_frame   0x0000062c      0x388 CMakeFiles/motor.elf.dir/Drivers/STM32F4xx_HAL_Driver/Src/stm32f4xx_hal_pcd.c.obj
 .debug_frame   0x000009b4       0x5c CMakeFiles/motor.elf.dir/Drivers/STM32F4xx_HAL_Driver/Src/stm32f4xx_hal_pcd_ex.c.obj
 .debug_frame   0x00000a10      0x16c CMakeFiles/motor.elf.dir/Drivers/STM32F4xx_HAL_Driver/Src/stm32f4xx_hal_rcc.c.obj
 .debug_frame   0x00000b7c      0xb08 CMakeFiles/motor.elf.dir/Drivers/STM32F4xx_HAL_Driver/Src/stm32f4xx_hal_tim.c.obj
 .debug_frame   0x00001684      0x40c CMakeFiles/motor.elf.dir/Drivers/STM32F4xx_HAL_Driver/Src/stm32f4xx_hal_tim_ex.c.obj
 .debug_frame   0x00001a90      0x4a4 CMakeFiles/motor.elf.dir/Drivers/STM32F4xx_HAL_Driver/Src/stm32f4xx_ll_usb.c.obj
 .debug_frame   0x00001f34      0x190 CMakeFiles/motor.elf.dir/Middlewares/ST/STM32_USB_Device_Library/Class/CDC/Src/usbd_cdc.c.obj
 .debug_frame   0x000020c4      0x240 CMakeFiles/motor.elf.dir/Middlewares/ST/STM32_USB_Device_Library/Core/Src/usbd_core.c.obj
 .debug_frame   0x00002304      0x180 CMakeFiles/motor.elf.dir/Middlewares/ST/STM32_USB_Device_Library/Core/Src/usbd_ctlreq.c.obj
 .debug_frame   0x00002484       0xb8 CMakeFiles/motor.elf.dir/Middlewares/ST/STM32_USB_Device_Library/Core/Src/usbd_ioreq.c.obj
 .debug_frame   0x0000253c       0x28 CMakeFiles/motor.elf.dir/USB_DEVICE/App/usb_device.c.obj
 .debug_frame   0x00002564       0x8c CMakeFiles/motor.elf.dir/USB_DEVICE/App/usbd_cdc_if.c.obj
 .debug_frame   0x000025f0       0xe0 CMakeFiles/motor.elf.dir/USB_DEVICE/App/usbd_desc.c.obj
 .debug_frame   0x000026d0      0x2e4 CMakeFiles/motor.elf.dir/USB_DEVICE/Target/usbd_conf.c.obj
 .debug_frame   0x000029b4       0x2c c:/progra~2/gnuarm~1/102021~1.10/bin/../lib/gcc/arm-none-eabi/10.3.1/thumb/v7e-m/nofp\libgcc.a(_aeabi_uldivmod.o)
 .debug_frame   0x000029e0       0x34 c:/progra~2/gnuarm~1/102021~1.10/bin/../lib/gcc/arm-none-eabi/10.3.1/thumb/v7e-m/nofp\libgcc.a(_udivmoddi4.o)
 .debug_frame   0x00002a14       0x2c c:/progra~2/gnuarm~1/102021~1.10/bin/../lib/gcc/arm-none-eabi/10.3.1/../../../../arm-none-eabi/lib/thumb/v7e-m/nofp\libg.a(lib_a-init.o)
 .debug_frame   0x00002a40       0x2c c:/progra~2/gnuarm~1/102021~1.10/bin/../lib/gcc/arm-none-eabi/10.3.1/../../../../arm-none-eabi/lib/thumb/v7e-m/nofp\libg.a(lib_a-memset.o)
 .debug_frame   0x00002a6c       0x5c c:/progra~2/gnuarm~1/102021~1.10/bin/../lib/gcc/arm-none-eabi/10.3.1/../../../../arm-none-eabi/lib/thumb/v7e-m/nofp\libg.a(lib_a-__call_atexit.o)
 .debug_frame   0x00002ac8       0x20 c:/progra~2/gnuarm~1/102021~1.10/bin/../lib/gcc/arm-none-eabi/10.3.1/../../../../arm-none-eabi/lib/thumb/v7e-m/nofp\libg.a(lib_a-atexit.o)
 .debug_frame   0x00002ae8       0x34 c:/progra~2/gnuarm~1/102021~1.10/bin/../lib/gcc/arm-none-eabi/10.3.1/../../../../arm-none-eabi/lib/thumb/v7e-m/nofp\libg.a(lib_a-fini.o)
 .debug_frame   0x00002b1c       0xb0 c:/progra~2/gnuarm~1/102021~1.10/bin/../lib/gcc/arm-none-eabi/10.3.1/../../../../arm-none-eabi/lib/thumb/v7e-m/nofp\libg.a(lib_a-lock.o)
 .debug_frame   0x00002bcc       0x34 c:/progra~2/gnuarm~1/102021~1.10/bin/../lib/gcc/arm-none-eabi/10.3.1/../../../../arm-none-eabi/lib/thumb/v7e-m/nofp\libg.a(lib_a-__atexit.o)

.debug_loc      0x00000000     0xfedc
 .debug_loc     0x00000000      0x158 CMakeFiles/motor.elf.dir/Core/Src/system_stm32f4xx.c.obj
 .debug_loc     0x00000158       0x42 CMakeFiles/motor.elf.dir/Core/Src/tim.c.obj
 .debug_loc     0x0000019a      0x141 CMakeFiles/motor.elf.dir/Drivers/STM32F4xx_HAL_Driver/Src/stm32f4xx_hal.c.obj
 .debug_loc     0x000002db      0x744 CMakeFiles/motor.elf.dir/Drivers/STM32F4xx_HAL_Driver/Src/stm32f4xx_hal_cortex.c.obj
 .debug_loc     0x00000a1f      0x520 CMakeFiles/motor.elf.dir/Drivers/STM32F4xx_HAL_Driver/Src/stm32f4xx_hal_gpio.c.obj
 .debug_loc     0x00000f3f     0x1306 CMakeFiles/motor.elf.dir/Drivers/STM32F4xx_HAL_Driver/Src/stm32f4xx_hal_pcd.c.obj
 .debug_loc     0x00002245       0xde CMakeFiles/motor.elf.dir/Drivers/STM32F4xx_HAL_Driver/Src/stm32f4xx_hal_pcd_ex.c.obj
 .debug_loc     0x00002323      0x58c CMakeFiles/motor.elf.dir/Drivers/STM32F4xx_HAL_Driver/Src/stm32f4xx_hal_rcc.c.obj
 .debug_loc     0x000028af     0x50ad CMakeFiles/motor.elf.dir/Drivers/STM32F4xx_HAL_Driver/Src/stm32f4xx_hal_tim.c.obj
 .debug_loc     0x0000795c     0x1cca CMakeFiles/motor.elf.dir/Drivers/STM32F4xx_HAL_Driver/Src/stm32f4xx_hal_tim_ex.c.obj
 .debug_loc     0x00009626     0x24af CMakeFiles/motor.elf.dir/Drivers/STM32F4xx_HAL_Driver/Src/stm32f4xx_ll_usb.c.obj
 .debug_loc     0x0000bad5      0xa5b CMakeFiles/motor.elf.dir/Middlewares/ST/STM32_USB_Device_Library/Class/CDC/Src/usbd_cdc.c.obj
 .debug_loc     0x0000c530      0xdd6 CMakeFiles/motor.elf.dir/Middlewares/ST/STM32_USB_Device_Library/Core/Src/usbd_core.c.obj
 .debug_loc     0x0000d306     0x1869 CMakeFiles/motor.elf.dir/Middlewares/ST/STM32_USB_Device_Library/Core/Src/usbd_ctlreq.c.obj
 .debug_loc     0x0000eb6f      0x2b8 CMakeFiles/motor.elf.dir/Middlewares/ST/STM32_USB_Device_Library/Core/Src/usbd_ioreq.c.obj
 .debug_loc     0x0000ee27      0x176 CMakeFiles/motor.elf.dir/USB_DEVICE/App/usbd_cdc_if.c.obj
 .debug_loc     0x0000ef9d      0x38f CMakeFiles/motor.elf.dir/USB_DEVICE/App/usbd_desc.c.obj
 .debug_loc     0x0000f32c      0xbb0 CMakeFiles/motor.elf.dir/USB_DEVICE/Target/usbd_conf.c.obj